../Core/Src/main.c:110:5:main	32	static
../Core/Src/main.c:208:6:SystemClock_Config	120	static
../Core/Src/main.c:271:13:MX_ETH_Init	8	static
../Core/Src/main.c:320:13:MX_SPI1_Init	8	static
../Core/Src/main.c:368:13:MX_SPI2_Init	8	static
../Core/Src/main.c:416:13:MX_USART3_UART_Init	8	static
../Core/Src/main.c:464:13:MX_USB_OTG_FS_PCD_Init	8	static
../Core/Src/main.c:498:13:MX_DMA_Init	16	static
../Core/Src/main.c:525:13:MX_GPIO_Init	56	static
../Core/Src/main.c:570:6:Error_Handler	4	static,ignoring_inline_asm
