D:/work/MBED_Project/FRA421/Project/Common/Src/FRA421_Yugioh.c:31:6:RFID_Main_init	24	static
D:/work/MBED_Project/FRA421/Project/Common/Src/FRA421_Yugioh.c:43:6:YUGIOH_card_copy	16	static
D:/work/MBED_Project/FRA421/Project/Common/Src/FRA421_Yugioh.c:57:6:YUGIOH_card_clear	32	static
D:/work/MBED_Project/FRA421/Project/Common/Src/FRA421_Yugioh.c:63:6:RFID_Clear_Card_Bufffer	24	static
D:/work/MBED_Project/FRA421/Project/Common/Src/FRA421_Yugioh.c:71:6:YUGIOH_card_register	32	static
D:/work/MBED_Project/FRA421/Project/Common/Src/FRA421_Yugioh.c:86:6:YUGIOH_card_Buffer_Update	32	static
D:/work/MBED_Project/FRA421/Project/Common/Src/FRA421_Yugioh.c:175:9:CardHash_Encode	16	static
D:/work/MBED_Project/FRA421/Project/Common/Src/FRA421_Yugioh.c:182:6:YUGIOH_card_Load_Data	24	static
D:/work/MBED_Project/FRA421/Project/Common/Src/FRA421_Yugioh.c:197:6:Player_Reading_Card	56	static
D:/work/MBED_Project/FRA421/Project/Common/Src/FRA421_Yugioh.c:294:6:Player_Reading_Card_Reborn	48	static
D:/work/MBED_Project/FRA421/Project/Common/Src/FRA421_Yugioh.c:367:6:Player_Reading_Card_Ancient_Rule	56	static
D:/work/MBED_Project/FRA421/Project/Common/Src/FRA421_Yugioh.c:470:6:Player_Reading_Card_Monster_Effect	56	static
D:/work/MBED_Project/FRA421/Project/Common/Src/FRA421_Yugioh.c:575:6:YUGIOH_Clear_Card_Bufffer_Player	40	static
D:/work/MBED_Project/FRA421/Project/Common/Src/FRA421_Yugioh.c:584:6:YUGIOH_Clear_Card_All	40	static
D:/work/MBED_Project/FRA421/Project/Common/Src/FRA421_Yugioh.c:608:6:YUGIOH_card_Buffer_Update_Player	32	static
D:/work/MBED_Project/FRA421/Project/Common/Src/FRA421_Yugioh.c:622:6:YUGIOH_card_Buffer_Update_Chain	32	static
D:/work/MBED_Project/FRA421/Project/Common/Src/FRA421_Yugioh.c:642:6:YUGIOH_To_GY	48	static
D:/work/MBED_Project/FRA421/Project/Common/Src/FRA421_Yugioh.c:670:6:GAME_PLAY_Management	56	static
D:/work/MBED_Project/FRA421/Project/Common/Src/FRA421_Yugioh.c:800:6:GAME_PLAY_Phase_Management	80	static
D:/work/MBED_Project/FRA421/Project/Common/Src/FRA421_Yugioh.c:1762:6:Test_EFF	16	static
D:/work/MBED_Project/FRA421/Project/Common/Src/FRA421_Yugioh.c:1769:6:YUGIOH_Clear_Card_Enemy_Player_Raigeki	24	static
D:/work/MBED_Project/FRA421/Project/Common/Src/FRA421_Yugioh.c:1780:6:YUGIOH_Clear_Card_Enemy_Player_Dark_Hole	32	static
D:/work/MBED_Project/FRA421/Project/Common/Src/FRA421_Yugioh.c:1803:6:YUGIOH_Reborn	40	static
D:/work/MBED_Project/FRA421/Project/Common/Src/FRA421_Yugioh.c:1840:6:YUGIOH_Ancient_Rules	32	static
D:/work/MBED_Project/FRA421/Project/Common/Src/FRA421_Yugioh.c:1853:6:YUGIOH_Gift_of_the_Mystical_Elf	32	static
D:/work/MBED_Project/FRA421/Project/Common/Src/FRA421_Yugioh.c:1879:6:YUGIOH_Stop_Defense	32	static
D:/work/MBED_Project/FRA421/Project/Common/Src/FRA421_Yugioh.c:1908:9:YUGIOH_Check_Trap_On_board	24	static
D:/work/MBED_Project/FRA421/Project/Common/Src/FRA421_Yugioh.c:1927:9:YUGIOH_Check_Spell_On_board	24	static
D:/work/MBED_Project/FRA421/Project/Common/Src/FRA421_Yugioh.c:1946:6:YUGIOH_Trap_Can_Activated	24	static
D:/work/MBED_Project/FRA421/Project/Common/Src/FRA421_Yugioh.c:1960:6:YUGIOH_Monster_Activated	24	static
D:/work/MBED_Project/FRA421/Project/Common/Src/FRA421_Yugioh.c:1975:6:MainGUI	24	static
D:/work/MBED_Project/FRA421/Project/Common/Src/FRA421_Yugioh.c:1990:6:LCDvalue	40	static
