D:/work/MBED_Project/FRA421/Project/Common/Src/FRA421_Yugioh.c:20:6:RFID_Main_init	24	static
D:/work/MBED_Project/FRA421/Project/Common/Src/FRA421_Yugioh.c:32:6:YUGIOH_card_copy	16	static
D:/work/MBED_Project/FRA421/Project/Common/Src/FRA421_Yugioh.c:42:6:RFID_Clear_Card_Bufffer	40	static
D:/work/MBED_Project/FRA421/Project/Common/Src/FRA421_Yugioh.c:51:6:YUGIOH_card_register	32	static
D:/work/MBED_Project/FRA421/Project/Common/Src/FRA421_Yugioh.c:66:6:YUGIOH_card_Buffer_Update	32	static
D:/work/MBED_Project/FRA421/Project/Common/Src/FRA421_Yugioh.c:155:9:CardHash_Encode	16	static
D:/work/MBED_Project/FRA421/Project/Common/Src/FRA421_Yugioh.c:162:6:YUGIOH_card_Load_Data	24	static
D:/work/MBED_Project/FRA421/Project/Common/Src/FRA421_Yugioh.c:172:6:YUGIOH_Clear_Card_Bufffer_Player	40	static
D:/work/MBED_Project/FRA421/Project/Common/Src/FRA421_Yugioh.c:181:6:YUGIOH_card_Buffer_Update_Player	32	static
D:/work/MBED_Project/FRA421/Project/Common/Src/FRA421_Yugioh.c:196:6:GAME_PLAY_Management	48	static
D:/work/MBED_Project/FRA421/Project/Common/Src/FRA421_Yugioh.c:282:6:GAME_PLAY_Phase_Management	72	static
D:/work/MBED_Project/FRA421/Project/Common/Src/FRA421_Yugioh.c:649:6:Player_Reading_Card	40	static
D:/work/MBED_Project/FRA421/Project/Common/Src/FRA421_Yugioh.c:674:6:YUGIOH_Clear_Card_Enemy_Player_Raigeki	40	static
D:/work/MBED_Project/FRA421/Project/Common/Src/FRA421_Yugioh.c:684:6:YUGIOH_Clear_Card_Enemy_Player_Dark_Hole	40	static
D:/work/MBED_Project/FRA421/Project/Common/Src/FRA421_Yugioh.c:704:6:YUGIOH_To_GY	40	static
D:/work/MBED_Project/FRA421/Project/Common/Src/FRA421_Yugioh.c:731:6:MainGUI	24	static
