D:/STM32project/FRA421/Project/Common/Src/FRA421_Yugioh.c:104:6:RFID_Main_init	24	static
D:/STM32project/FRA421/Project/Common/Src/FRA421_Yugioh.c:116:6:YUGIOH_card_copy	16	static
D:/STM32project/FRA421/Project/Common/Src/FRA421_Yugioh.c:130:6:YUGIOH_card_clear	32	static
D:/STM32project/FRA421/Project/Common/Src/FRA421_Yugioh.c:136:6:RFID_Clear_Card_Bufffer	24	static
D:/STM32project/FRA421/Project/Common/Src/FRA421_Yugioh.c:144:6:YUGIOH_card_register	32	static
D:/STM32project/FRA421/Project/Common/Src/FRA421_Yugioh.c:159:6:YUGIOH_card_Buffer_Update	32	static
D:/STM32project/FRA421/Project/Common/Src/FRA421_Yugioh.c:176:9:CardHash_Encode	16	static
D:/STM32project/FRA421/Project/Common/Src/FRA421_Yugioh.c:183:6:YUGIOH_card_Load_Data	24	static
D:/STM32project/FRA421/Project/Common/Src/FRA421_Yugioh.c:198:6:Player_Reading_Card	64	static
D:/STM32project/FRA421/Project/Common/Src/FRA421_Yugioh.c:319:6:Player_Reading_Card_Monster_SPS	56	static
D:/STM32project/FRA421/Project/Common/Src/FRA421_Yugioh.c:401:6:Player_Reading_Card_Monster_Battle	48	static
D:/STM32project/FRA421/Project/Common/Src/FRA421_Yugioh.c:474:6:Player_Reading_Card_Trap	48	static
D:/STM32project/FRA421/Project/Common/Src/FRA421_Yugioh.c:548:6:Player_Reading_Card_Stopdef	48	static
D:/STM32project/FRA421/Project/Common/Src/FRA421_Yugioh.c:620:6:Player_Reading_Card_Reborn	48	static
D:/STM32project/FRA421/Project/Common/Src/FRA421_Yugioh.c:693:6:Player_Reading_Card_Ancient_Rule	56	static
D:/STM32project/FRA421/Project/Common/Src/FRA421_Yugioh.c:796:6:Player_Reading_Card_Monster_Effect	56	static
D:/STM32project/FRA421/Project/Common/Src/FRA421_Yugioh.c:901:6:YUGIOH_Clear_Card_Bufffer_Player	40	static
D:/STM32project/FRA421/Project/Common/Src/FRA421_Yugioh.c:910:6:YUGIOH_Clear_Card_All	40	static
D:/STM32project/FRA421/Project/Common/Src/FRA421_Yugioh.c:934:6:YUGIOH_card_Buffer_Update_Player	32	static
D:/STM32project/FRA421/Project/Common/Src/FRA421_Yugioh.c:948:6:YUGIOH_card_Buffer_Update_Chain	32	static
D:/STM32project/FRA421/Project/Common/Src/FRA421_Yugioh.c:968:6:YUGIOH_To_GY	48	static
D:/STM32project/FRA421/Project/Common/Src/FRA421_Yugioh.c:989:6:YUGIOH_Clear_Card_Enemy_Player_Raigeki	24	static
D:/STM32project/FRA421/Project/Common/Src/FRA421_Yugioh.c:1000:6:YUGIOH_Clear_Card_Enemy_Player_Dark_Hole	32	static
D:/STM32project/FRA421/Project/Common/Src/FRA421_Yugioh.c:1023:6:YUGIOH_Reborn	40	static
D:/STM32project/FRA421/Project/Common/Src/FRA421_Yugioh.c:1060:6:YUGIOH_Ancient_Rules	32	static
D:/STM32project/FRA421/Project/Common/Src/FRA421_Yugioh.c:1073:6:YUGIOH_Gift_of_the_Mystical_Elf	32	static
D:/STM32project/FRA421/Project/Common/Src/FRA421_Yugioh.c:1099:6:YUGIOH_Stop_Defense	32	static
D:/STM32project/FRA421/Project/Common/Src/FRA421_Yugioh.c:1114:6:YUGIOH_Clear_Card_In_Main_To_GY	24	static
D:/STM32project/FRA421/Project/Common/Src/FRA421_Yugioh.c:1137:9:YUGIOH_Check_Trap_On_board	24	static
D:/STM32project/FRA421/Project/Common/Src/FRA421_Yugioh.c:1156:9:YUGIOH_Check_Spell_On_board	24	static
D:/STM32project/FRA421/Project/Common/Src/FRA421_Yugioh.c:1175:6:YUGIOH_Trap_Can_Activated	24	static
D:/STM32project/FRA421/Project/Common/Src/FRA421_Yugioh.c:1189:6:YUGIOH_Monster_Activated	24	static
D:/STM32project/FRA421/Project/Common/Src/FRA421_Yugioh.c:1202:6:MainGUI	24	static
D:/STM32project/FRA421/Project/Common/Src/FRA421_Yugioh.c:1218:6:LCDvalue	40	static
D:/STM32project/FRA421/Project/Common/Src/FRA421_Yugioh.c:1284:6:GAME_PLAY_Management	56	static
D:/STM32project/FRA421/Project/Common/Src/FRA421_Yugioh.c:1423:6:GAME_PLAY_Phase_Management	640	static
