../Core/Src/main.c:113:5:main	16	static
../Core/Src/main.c:218:6:SystemClock_Config	120	static
../Core/Src/main.c:280:6:PeriphCommonClock_Config	200	static
../Core/Src/main.c:309:13:MX_ETH_Init	8	static
../Core/Src/main.c:358:13:MX_SPI2_Init	8	static
../Core/Src/main.c:406:13:MX_USART3_UART_Init	8	static
../Core/Src/main.c:454:13:MX_USB_OTG_FS_PCD_Init	8	static
../Core/Src/main.c:488:13:MX_DMA_Init	16	static
../Core/Src/main.c:512:13:MX_GPIO_Init	56	static
../Core/Src/main.c:587:6:Error_Handler	4	static,ignoring_inline_asm
