../Core/Src/main.c:117:5:main	32	static
../Core/Src/main.c:229:6:SystemClock_Config	120	static
../Core/Src/main.c:291:6:PeriphCommonClock_Config	200	static
../Core/Src/main.c:320:13:MX_ETH_Init	8	static
../Core/Src/main.c:369:13:MX_SPI2_Init	8	static
../Core/Src/main.c:417:13:MX_USART3_UART_Init	8	static
../Core/Src/main.c:465:13:MX_USB_OTG_FS_PCD_Init	8	static
../Core/Src/main.c:499:13:MX_DMA_Init	16	static
../Core/Src/main.c:523:13:MX_GPIO_Init	56	static
../Core/Src/main.c:598:6:Error_Handler	4	static,ignoring_inline_asm
