../Core/Src/RC522.c:21:6:Write_MFRC522	24	static
../Core/Src/RC522.c:64:8:Read_MFRC522	24	static
../Core/Src/RC522.c:108:6:SetBitMask	24	static
../Core/Src/RC522.c:121:6:ClearBitMask	24	static
../Core/Src/RC522.c:135:6:AntennaOn	8	static
../Core/Src/RC522.c:147:6:AntennaOff	8	static
../Core/Src/RC522.c:159:6:MFRC522_Reset	8	static
../Core/Src/RC522.c:170:6:MFRC522_Init	8	static
../Core/Src/RC522.c:215:8:MFRC522_Request	32	static
../Core/Src/RC522.c:243:8:MFRC522_ToCard	48	static
../Core/Src/RC522.c:362:8:MFRC522_Anticoll	32	static
../Core/Src/RC522.c:405:8:MFRC522_Read	32	static
../Core/Src/RC522.c:430:8:MFRC522_Write	56	static
../Core/Src/RC522.c:471:6:CalulateCRC	40	static
../Core/Src/RC522.c:512:8:MFRC522_Auth	56	static
../Core/Src/RC522.c:547:8:MFRC522_SelectTag	48	static
../Core/Src/RC522.c:585:6:MFRC522_Halt	32	static
../Core/Src/RC522.c:599:6:MFRC522_StopCrypto1	8	static
