../Core/Src/RC522.c:21:6:Write_MFRC522	24	static
../Core/Src/RC522.c:54:8:Read_MFRC522	24	static
../Core/Src/RC522.c:93:6:SetBitMask	24	static
../Core/Src/RC522.c:106:6:ClearBitMask	24	static
../Core/Src/RC522.c:120:6:AntennaOn	8	static
../Core/Src/RC522.c:132:6:AntennaOff	8	static
../Core/Src/RC522.c:144:6:MFRC522_Reset	8	static
../Core/Src/RC522.c:155:6:MFRC522_Init	8	static
../Core/Src/RC522.c:188:8:MFRC522_Request	32	static
../Core/Src/RC522.c:216:8:MFRC522_ToCard	48	static
../Core/Src/RC522.c:335:8:MFRC522_Anticoll	32	static
../Core/Src/RC522.c:378:8:MFRC522_Read	32	static
../Core/Src/RC522.c:403:8:MFRC522_Write	56	static
../Core/Src/RC522.c:444:6:CalulateCRC	40	static
../Core/Src/RC522.c:485:8:MFRC522_Auth	56	static
../Core/Src/RC522.c:520:8:MFRC522_SelectTag	48	static
../Core/Src/RC522.c:558:6:MFRC522_Halt	32	static
../Core/Src/RC522.c:572:6:MFRC522_StopCrypto1	8	static
