../Core/Src/st7735.c:88:13:ST7735_Select	8	static
../Core/Src/st7735.c:92:6:ST7735_Unselect	8	static
../Core/Src/st7735.c:95:13:ST7735_Select1	8	static
../Core/Src/st7735.c:99:6:ST7735_Unselect1	8	static
../Core/Src/st7735.c:103:13:ST7735_Reset	8	static
../Core/Src/st7735.c:109:13:ST7735_WriteCommand	16	static
../Core/Src/st7735.c:114:13:ST7735_WriteData	16	static
../Core/Src/st7735.c:119:13:ST7735_ExecuteCommandList	24	static
../Core/Src/st7735.c:145:13:ST7735_SetAddressWindow	32	static
../Core/Src/st7735.c:161:6:ST7735_Init	8	static
../Core/Src/st7735.c:172:6:ST7735_DrawPixel	24	static
../Core/Src/st7735.c:185:13:ST7735_WriteChar	48	static
../Core/Src/st7735.c:221:6:ST7735_WriteString	32	static
../Core/Src/st7735.c:247:6:ST7735_WriteString1	32	static
../Core/Src/st7735.c:273:6:ST7735_FillRectangle	32	static
../Core/Src/st7735.c:292:6:ST7735_FillRectangle1	32	static
../Core/Src/st7735.c:312:6:ST7735_FillRectangleFast	32	static
../Core/Src/st7735.c:335:6:ST7735_FillScreen	24	static
../Core/Src/st7735.c:338:6:ST7735_FillScreen1	24	static
../Core/Src/st7735.c:342:6:ST7735_FillScreenFast	24	static
../Core/Src/st7735.c:346:6:ST7735_DrawImage	24	static
../Core/Src/st7735.c:357:6:ST7735_InvertColors	16	static
../Core/Src/st7735.c:363:6:ST7735_SetGamma	16	static
