D:/work/MBED_Project/FRA421/Project/Common/Src/FRA421_Yugioh.c:20:6:RFID_Main_init	24	static
D:/work/MBED_Project/FRA421/Project/Common/Src/FRA421_Yugioh.c:32:6:YUGIOH_card_copy	16	static
D:/work/MBED_Project/FRA421/Project/Common/Src/FRA421_Yugioh.c:43:6:RFID_Clear_Card_Bufffer	40	static
D:/work/MBED_Project/FRA421/Project/Common/Src/FRA421_Yugioh.c:52:6:YUGIOH_card_register	32	static
D:/work/MBED_Project/FRA421/Project/Common/Src/FRA421_Yugioh.c:67:6:YUGIOH_card_Buffer_Update	32	static
D:/work/MBED_Project/FRA421/Project/Common/Src/FRA421_Yugioh.c:156:9:CardHash_Encode	16	static
D:/work/MBED_Project/FRA421/Project/Common/Src/FRA421_Yugioh.c:163:6:YUGIOH_card_Load_Data	24	static
D:/work/MBED_Project/FRA421/Project/Common/Src/FRA421_Yugioh.c:173:6:YUGIOH_Clear_Card_Bufffer_Player	40	static
D:/work/MBED_Project/FRA421/Project/Common/Src/FRA421_Yugioh.c:182:6:YUGIOH_Clear_Card_All	40	static
D:/work/MBED_Project/FRA421/Project/Common/Src/FRA421_Yugioh.c:206:6:YUGIOH_card_Buffer_Update_Player	32	static
D:/work/MBED_Project/FRA421/Project/Common/Src/FRA421_Yugioh.c:221:6:GAME_PLAY_Management	48	static
D:/work/MBED_Project/FRA421/Project/Common/Src/FRA421_Yugioh.c:307:6:GAME_PLAY_Phase_Management	72	static
D:/work/MBED_Project/FRA421/Project/Common/Src/FRA421_Yugioh.c:807:6:Player_Reading_Card	40	static
D:/work/MBED_Project/FRA421/Project/Common/Src/FRA421_Yugioh.c:833:6:YUGIOH_Clear_Card_Enemy_Player_Raigeki	40	static
D:/work/MBED_Project/FRA421/Project/Common/Src/FRA421_Yugioh.c:843:6:YUGIOH_Clear_Card_Enemy_Player_Dark_Hole	40	static
D:/work/MBED_Project/FRA421/Project/Common/Src/FRA421_Yugioh.c:863:6:YUGIOH_To_GY	40	static
D:/work/MBED_Project/FRA421/Project/Common/Src/FRA421_Yugioh.c:890:6:MainGUI	24	static
