D:/STM32project/FRA421/Project/Common/Src/FRA421_Yugioh.c:31:6:RFID_Main_init	24	static
D:/STM32project/FRA421/Project/Common/Src/FRA421_Yugioh.c:43:6:YUGIOH_card_copy	16	static
D:/STM32project/FRA421/Project/Common/Src/FRA421_Yugioh.c:57:6:YUGIOH_card_clear	32	static
D:/STM32project/FRA421/Project/Common/Src/FRA421_Yugioh.c:63:6:RFID_Clear_Card_Bufffer	24	static
D:/STM32project/FRA421/Project/Common/Src/FRA421_Yugioh.c:71:6:YUGIOH_card_register	32	static
D:/STM32project/FRA421/Project/Common/Src/FRA421_Yugioh.c:86:6:YUGIOH_card_Buffer_Update	32	static
D:/STM32project/FRA421/Project/Common/Src/FRA421_Yugioh.c:175:9:CardHash_Encode	16	static
D:/STM32project/FRA421/Project/Common/Src/FRA421_Yugioh.c:182:6:YUGIOH_card_Load_Data	24	static
D:/STM32project/FRA421/Project/Common/Src/FRA421_Yugioh.c:197:6:Player_Reading_Card	64	static
D:/STM32project/FRA421/Project/Common/Src/FRA421_Yugioh.c:318:6:Player_Reading_Card_Trap	48	static
D:/STM32project/FRA421/Project/Common/Src/FRA421_Yugioh.c:392:6:Player_Reading_Card_Stopdef	48	static
D:/STM32project/FRA421/Project/Common/Src/FRA421_Yugioh.c:464:6:Player_Reading_Card_Reborn	48	static
D:/STM32project/FRA421/Project/Common/Src/FRA421_Yugioh.c:537:6:Player_Reading_Card_Ancient_Rule	56	static
D:/STM32project/FRA421/Project/Common/Src/FRA421_Yugioh.c:640:6:Player_Reading_Card_Monster_Effect	56	static
D:/STM32project/FRA421/Project/Common/Src/FRA421_Yugioh.c:745:6:YUGIOH_Clear_Card_Bufffer_Player	40	static
D:/STM32project/FRA421/Project/Common/Src/FRA421_Yugioh.c:754:6:YUGIOH_Clear_Card_All	40	static
D:/STM32project/FRA421/Project/Common/Src/FRA421_Yugioh.c:778:6:YUGIOH_card_Buffer_Update_Player	32	static
D:/STM32project/FRA421/Project/Common/Src/FRA421_Yugioh.c:792:6:YUGIOH_card_Buffer_Update_Chain	32	static
D:/STM32project/FRA421/Project/Common/Src/FRA421_Yugioh.c:812:6:YUGIOH_To_GY	48	static
D:/STM32project/FRA421/Project/Common/Src/FRA421_Yugioh.c:840:6:GAME_PLAY_Management	56	static
D:/STM32project/FRA421/Project/Common/Src/FRA421_Yugioh.c:970:6:GAME_PLAY_Phase_Management	640	static
D:/STM32project/FRA421/Project/Common/Src/FRA421_Yugioh.c:1981:6:YUGIOH_Clear_Card_Enemy_Player_Raigeki	24	static
D:/STM32project/FRA421/Project/Common/Src/FRA421_Yugioh.c:1992:6:YUGIOH_Clear_Card_Enemy_Player_Dark_Hole	32	static
D:/STM32project/FRA421/Project/Common/Src/FRA421_Yugioh.c:2015:6:YUGIOH_Reborn	40	static
D:/STM32project/FRA421/Project/Common/Src/FRA421_Yugioh.c:2052:6:YUGIOH_Ancient_Rules	32	static
D:/STM32project/FRA421/Project/Common/Src/FRA421_Yugioh.c:2065:6:YUGIOH_Gift_of_the_Mystical_Elf	32	static
D:/STM32project/FRA421/Project/Common/Src/FRA421_Yugioh.c:2091:6:YUGIOH_Stop_Defense	32	static
D:/STM32project/FRA421/Project/Common/Src/FRA421_Yugioh.c:2106:9:YUGIOH_Check_Trap_On_board	24	static
D:/STM32project/FRA421/Project/Common/Src/FRA421_Yugioh.c:2125:9:YUGIOH_Check_Spell_On_board	24	static
D:/STM32project/FRA421/Project/Common/Src/FRA421_Yugioh.c:2144:6:YUGIOH_Trap_Can_Activated	24	static
D:/STM32project/FRA421/Project/Common/Src/FRA421_Yugioh.c:2158:6:YUGIOH_Monster_Activated	24	static
D:/STM32project/FRA421/Project/Common/Src/FRA421_Yugioh.c:2171:6:MainGUI	24	static
D:/STM32project/FRA421/Project/Common/Src/FRA421_Yugioh.c:2187:6:LCDvalue	40	static
