D:/work/MBED_Project/FRA421/Project/Common/Src/FRA421_Yugioh.c:31:6:RFID_Main_init	24	static
D:/work/MBED_Project/FRA421/Project/Common/Src/FRA421_Yugioh.c:43:6:YUGIOH_card_copy	16	static
D:/work/MBED_Project/FRA421/Project/Common/Src/FRA421_Yugioh.c:57:6:YUGIOH_card_clear	32	static
D:/work/MBED_Project/FRA421/Project/Common/Src/FRA421_Yugioh.c:63:6:RFID_Clear_Card_Bufffer	24	static
D:/work/MBED_Project/FRA421/Project/Common/Src/FRA421_Yugioh.c:71:6:YUGIOH_card_register	32	static
D:/work/MBED_Project/FRA421/Project/Common/Src/FRA421_Yugioh.c:86:6:YUGIOH_card_Buffer_Update	32	static
D:/work/MBED_Project/FRA421/Project/Common/Src/FRA421_Yugioh.c:175:9:CardHash_Encode	16	static
D:/work/MBED_Project/FRA421/Project/Common/Src/FRA421_Yugioh.c:182:6:YUGIOH_card_Load_Data	24	static
D:/work/MBED_Project/FRA421/Project/Common/Src/FRA421_Yugioh.c:197:6:Player_Reading_Card	56	static
D:/work/MBED_Project/FRA421/Project/Common/Src/FRA421_Yugioh.c:294:6:YUGIOH_Clear_Card_Bufffer_Player	40	static
D:/work/MBED_Project/FRA421/Project/Common/Src/FRA421_Yugioh.c:303:6:YUGIOH_Clear_Card_All	40	static
D:/work/MBED_Project/FRA421/Project/Common/Src/FRA421_Yugioh.c:327:6:YUGIOH_card_Buffer_Update_Player	32	static
D:/work/MBED_Project/FRA421/Project/Common/Src/FRA421_Yugioh.c:341:6:YUGIOH_card_Buffer_Update_Chain	32	static
D:/work/MBED_Project/FRA421/Project/Common/Src/FRA421_Yugioh.c:361:6:YUGIOH_To_GY	48	static
D:/work/MBED_Project/FRA421/Project/Common/Src/FRA421_Yugioh.c:389:6:GAME_PLAY_Management	56	static
D:/work/MBED_Project/FRA421/Project/Common/Src/FRA421_Yugioh.c:519:6:GAME_PLAY_Phase_Management	80	static
D:/work/MBED_Project/FRA421/Project/Common/Src/FRA421_Yugioh.c:1319:6:Test_EFF	16	static
D:/work/MBED_Project/FRA421/Project/Common/Src/FRA421_Yugioh.c:1326:6:YUGIOH_Clear_Card_Enemy_Player_Raigeki	24	static
D:/work/MBED_Project/FRA421/Project/Common/Src/FRA421_Yugioh.c:1337:6:YUGIOH_Clear_Card_Enemy_Player_Dark_Hole	32	static
D:/work/MBED_Project/FRA421/Project/Common/Src/FRA421_Yugioh.c:1360:6:YUGIOH_Reborn	40	static
D:/work/MBED_Project/FRA421/Project/Common/Src/FRA421_Yugioh.c:1397:6:YUGIOH_Ancient_Rules	32	static
D:/work/MBED_Project/FRA421/Project/Common/Src/FRA421_Yugioh.c:1410:6:YUGIOH_Gift_of_the_Mystical_Elf	32	static
D:/work/MBED_Project/FRA421/Project/Common/Src/FRA421_Yugioh.c:1436:6:YUGIOH_Stop_Defense	32	static
D:/work/MBED_Project/FRA421/Project/Common/Src/FRA421_Yugioh.c:1465:9:YUGIOH_Check_Trap_On_board	24	static
D:/work/MBED_Project/FRA421/Project/Common/Src/FRA421_Yugioh.c:1484:9:YUGIOH_Check_Spell_On_board	24	static
D:/work/MBED_Project/FRA421/Project/Common/Src/FRA421_Yugioh.c:1503:6:YUGIOH_Trap_Can_Activated	24	static
D:/work/MBED_Project/FRA421/Project/Common/Src/FRA421_Yugioh.c:1517:6:YUGIOH_Monster_Activated	24	static
D:/work/MBED_Project/FRA421/Project/Common/Src/FRA421_Yugioh.c:1532:6:MainGUI	24	static
D:/work/MBED_Project/FRA421/Project/Common/Src/FRA421_Yugioh.c:1547:6:LCDvalue	40	static
