Archive member included to satisfy reference by file (symbol)

d:/stm32/cubeide/stm32cubeide_1.9.0/stm32cubeide/plugins/com.st.stm32cube.ide.mcu.externaltools.gnu-tools-for-stm32.10.3-2021.10.win32_1.0.0.202111181127/tools/bin/../lib/gcc/arm-none-eabi/10.3.1/../../../../arm-none-eabi/lib/thumb/v7e-m+dp/hard\libc_nano.a(lib_a-errno.o)
                              ./Core/Src/syscalls.o (__errno)
d:/stm32/cubeide/stm32cubeide_1.9.0/stm32cubeide/plugins/com.st.stm32cube.ide.mcu.externaltools.gnu-tools-for-stm32.10.3-2021.10.win32_1.0.0.202111181127/tools/bin/../lib/gcc/arm-none-eabi/10.3.1/../../../../arm-none-eabi/lib/thumb/v7e-m+dp/hard\libc_nano.a(lib_a-exit.o)
                              d:/stm32/cubeide/stm32cubeide_1.9.0/stm32cubeide/plugins/com.st.stm32cube.ide.mcu.externaltools.gnu-tools-for-stm32.10.3-2021.10.win32_1.0.0.202111181127/tools/bin/../lib/gcc/arm-none-eabi/10.3.1/../../../../arm-none-eabi/lib/thumb/v7e-m+dp/hard/crt0.o (exit)
d:/stm32/cubeide/stm32cubeide_1.9.0/stm32cubeide/plugins/com.st.stm32cube.ide.mcu.externaltools.gnu-tools-for-stm32.10.3-2021.10.win32_1.0.0.202111181127/tools/bin/../lib/gcc/arm-none-eabi/10.3.1/../../../../arm-none-eabi/lib/thumb/v7e-m+dp/hard\libc_nano.a(lib_a-impure.o)
                              d:/stm32/cubeide/stm32cubeide_1.9.0/stm32cubeide/plugins/com.st.stm32cube.ide.mcu.externaltools.gnu-tools-for-stm32.10.3-2021.10.win32_1.0.0.202111181127/tools/bin/../lib/gcc/arm-none-eabi/10.3.1/../../../../arm-none-eabi/lib/thumb/v7e-m+dp/hard\libc_nano.a(lib_a-exit.o) (_global_impure_ptr)
d:/stm32/cubeide/stm32cubeide_1.9.0/stm32cubeide/plugins/com.st.stm32cube.ide.mcu.externaltools.gnu-tools-for-stm32.10.3-2021.10.win32_1.0.0.202111181127/tools/bin/../lib/gcc/arm-none-eabi/10.3.1/../../../../arm-none-eabi/lib/thumb/v7e-m+dp/hard\libc_nano.a(lib_a-init.o)
                              d:/stm32/cubeide/stm32cubeide_1.9.0/stm32cubeide/plugins/com.st.stm32cube.ide.mcu.externaltools.gnu-tools-for-stm32.10.3-2021.10.win32_1.0.0.202111181127/tools/bin/../lib/gcc/arm-none-eabi/10.3.1/../../../../arm-none-eabi/lib/thumb/v7e-m+dp/hard/crt0.o (__libc_init_array)
d:/stm32/cubeide/stm32cubeide_1.9.0/stm32cubeide/plugins/com.st.stm32cube.ide.mcu.externaltools.gnu-tools-for-stm32.10.3-2021.10.win32_1.0.0.202111181127/tools/bin/../lib/gcc/arm-none-eabi/10.3.1/../../../../arm-none-eabi/lib/thumb/v7e-m+dp/hard\libc_nano.a(lib_a-malloc.o)
                              ./Core/Src/st7735.o (malloc)
d:/stm32/cubeide/stm32cubeide_1.9.0/stm32cubeide/plugins/com.st.stm32cube.ide.mcu.externaltools.gnu-tools-for-stm32.10.3-2021.10.win32_1.0.0.202111181127/tools/bin/../lib/gcc/arm-none-eabi/10.3.1/../../../../arm-none-eabi/lib/thumb/v7e-m+dp/hard\libc_nano.a(lib_a-memset.o)
                              d:/stm32/cubeide/stm32cubeide_1.9.0/stm32cubeide/plugins/com.st.stm32cube.ide.mcu.externaltools.gnu-tools-for-stm32.10.3-2021.10.win32_1.0.0.202111181127/tools/bin/../lib/gcc/arm-none-eabi/10.3.1/../../../../arm-none-eabi/lib/thumb/v7e-m+dp/hard/crt0.o (memset)
d:/stm32/cubeide/stm32cubeide_1.9.0/stm32cubeide/plugins/com.st.stm32cube.ide.mcu.externaltools.gnu-tools-for-stm32.10.3-2021.10.win32_1.0.0.202111181127/tools/bin/../lib/gcc/arm-none-eabi/10.3.1/../../../../arm-none-eabi/lib/thumb/v7e-m+dp/hard\libc_nano.a(lib_a-nano-freer.o)
                              d:/stm32/cubeide/stm32cubeide_1.9.0/stm32cubeide/plugins/com.st.stm32cube.ide.mcu.externaltools.gnu-tools-for-stm32.10.3-2021.10.win32_1.0.0.202111181127/tools/bin/../lib/gcc/arm-none-eabi/10.3.1/../../../../arm-none-eabi/lib/thumb/v7e-m+dp/hard\libc_nano.a(lib_a-malloc.o) (_free_r)
d:/stm32/cubeide/stm32cubeide_1.9.0/stm32cubeide/plugins/com.st.stm32cube.ide.mcu.externaltools.gnu-tools-for-stm32.10.3-2021.10.win32_1.0.0.202111181127/tools/bin/../lib/gcc/arm-none-eabi/10.3.1/../../../../arm-none-eabi/lib/thumb/v7e-m+dp/hard\libc_nano.a(lib_a-nano-mallocr.o)
                              d:/stm32/cubeide/stm32cubeide_1.9.0/stm32cubeide/plugins/com.st.stm32cube.ide.mcu.externaltools.gnu-tools-for-stm32.10.3-2021.10.win32_1.0.0.202111181127/tools/bin/../lib/gcc/arm-none-eabi/10.3.1/../../../../arm-none-eabi/lib/thumb/v7e-m+dp/hard\libc_nano.a(lib_a-malloc.o) (_malloc_r)
d:/stm32/cubeide/stm32cubeide_1.9.0/stm32cubeide/plugins/com.st.stm32cube.ide.mcu.externaltools.gnu-tools-for-stm32.10.3-2021.10.win32_1.0.0.202111181127/tools/bin/../lib/gcc/arm-none-eabi/10.3.1/../../../../arm-none-eabi/lib/thumb/v7e-m+dp/hard\libc_nano.a(lib_a-sbrkr.o)
                              d:/stm32/cubeide/stm32cubeide_1.9.0/stm32cubeide/plugins/com.st.stm32cube.ide.mcu.externaltools.gnu-tools-for-stm32.10.3-2021.10.win32_1.0.0.202111181127/tools/bin/../lib/gcc/arm-none-eabi/10.3.1/../../../../arm-none-eabi/lib/thumb/v7e-m+dp/hard\libc_nano.a(lib_a-nano-mallocr.o) (_sbrk_r)
[...]
Memory Configuration

Name             Origin             Length             Attributes
RAM_D1           0x0000000024000000 0x0000000000080000 xrw
FLASH            0x0000000008000000 0x0000000000100000 xr
DTCMRAM          0x0000000020000000 0x0000000000020000 xrw
RAM_D2           0x0000000030000000 0x0000000000048000 xrw
RAM_D3           0x0000000038000000 0x0000000000010000 xrw
ITCMRAM          0x0000000000000000 0x0000000000010000 xrw
*default*        0x0000000000000000 0xffffffffffffffff

Linker script and memory map

LOAD d:/stm32/cubeide/stm32cubeide_1.9.0/stm32cubeide/plugins/com.st.stm32cube.ide.mcu.externaltools.gnu-tools-for-stm32.10.3-2021.10.win32_1.0.0.202111181127/tools/bin/../lib/gcc/arm-none-eabi/10.3.1/thumb/v7e-m+dp/hard/crti.o
LOAD d:/stm32/cubeide/stm32cubeide_1.9.0/stm32cubeide/plugins/com.st.stm32cube.ide.mcu.externaltools.gnu-tools-for-stm32.10.3-2021.10.win32_1.0.0.202111181127/tools/bin/../lib/gcc/arm-none-eabi/10.3.1/thumb/v7e-m+dp/hard/crtbegin.o
LOAD d:/stm32/cubeide/stm32cubeide_1.9.0/stm32cubeide/plugins/com.st.stm32cube.ide.mcu.externaltools.gnu-tools-for-stm32.10.3-2021.10.win32_1.0.0.202111181127/tools/bin/../lib/gcc/arm-none-eabi/10.3.1/../../../../arm-none-eabi/lib/thumb/v7e-m+dp/hard/crt0.o
LOAD ./Common/Src/FRA421_Yugioh.o
LOAD ./Common/Src/system_stm32h7xx_dualcore_boot_cm4_cm7.o
LOAD ./Core/Src/fonts.o
LOAD ./Core/Src/main.o
LOAD ./Core/Src/st7735.o
LOAD ./Core/Src/stm32h7xx_hal_msp.o
LOAD ./Core/Src/stm32h7xx_it.o
LOAD ./Core/Src/syscalls.o
LOAD ./Core/Src/sysmem.o
LOAD ./Core/Startup/startup_stm32h745zitx.o
LOAD ./Drivers/STM32H7xx_HAL_Driver/stm32h7xx_hal.o
LOAD ./Drivers/STM32H7xx_HAL_Driver/stm32h7xx_hal_cortex.o
LOAD ./Drivers/STM32H7xx_HAL_Driver/stm32h7xx_hal_dma.o
LOAD ./Drivers/STM32H7xx_HAL_Driver/stm32h7xx_hal_dma_ex.o
LOAD ./Drivers/STM32H7xx_HAL_Driver/stm32h7xx_hal_eth.o
LOAD ./Drivers/STM32H7xx_HAL_Driver/stm32h7xx_hal_eth_ex.o
LOAD ./Drivers/STM32H7xx_HAL_Driver/stm32h7xx_hal_exti.o
LOAD ./Drivers/STM32H7xx_HAL_Driver/stm32h7xx_hal_flash.o
LOAD ./Drivers/STM32H7xx_HAL_Driver/stm32h7xx_hal_flash_ex.o
LOAD ./Drivers/STM32H7xx_HAL_Driver/stm32h7xx_hal_gpio.o
LOAD ./Drivers/STM32H7xx_HAL_Driver/stm32h7xx_hal_hsem.o
LOAD ./Drivers/STM32H7xx_HAL_Driver/stm32h7xx_hal_i2c.o
LOAD ./Drivers/STM32H7xx_HAL_Driver/stm32h7xx_hal_i2c_ex.o
LOAD ./Drivers/STM32H7xx_HAL_Driver/stm32h7xx_hal_mdma.o
LOAD ./Drivers/STM32H7xx_HAL_Driver/stm32h7xx_hal_pcd.o
LOAD ./Drivers/STM32H7xx_HAL_Driver/stm32h7xx_hal_pcd_ex.o
LOAD ./Drivers/STM32H7xx_HAL_Driver/stm32h7xx_hal_pwr.o
LOAD ./Drivers/STM32H7xx_HAL_Driver/stm32h7xx_hal_pwr_ex.o
LOAD ./Drivers/STM32H7xx_HAL_Driver/stm32h7xx_hal_rcc.o
LOAD ./Drivers/STM32H7xx_HAL_Driver/stm32h7xx_hal_rcc_ex.o
LOAD ./Drivers/STM32H7xx_HAL_Driver/stm32h7xx_hal_spi.o
LOAD ./Drivers/STM32H7xx_HAL_Driver/stm32h7xx_hal_spi_ex.o
LOAD ./Drivers/STM32H7xx_HAL_Driver/stm32h7xx_hal_tim.o
LOAD ./Drivers/STM32H7xx_HAL_Driver/stm32h7xx_hal_tim_ex.o
LOAD ./Drivers/STM32H7xx_HAL_Driver/stm32h7xx_hal_uart.o
LOAD ./Drivers/STM32H7xx_HAL_Driver/stm32h7xx_hal_uart_ex.o
LOAD ./Drivers/STM32H7xx_HAL_Driver/stm32h7xx_ll_usb.o
START GROUP
LOAD d:/stm32/cubeide/stm32cubeide_1.9.0/stm32cubeide/plugins/com.st.stm32cube.ide.mcu.externaltools.gnu-tools-for-stm32.10.3-2021.10.win32_1.0.0.202111181127/tools/bin/../lib/gcc/arm-none-eabi/10.3.1/../../../../arm-none-eabi/lib/thumb/v7e-m+dp/hard\libc_nano.a
LOAD d:/stm32/cubeide/stm32cubeide_1.9.0/stm32cubeide/plugins/com.st.stm32cube.ide.mcu.externaltools.gnu-tools-for-stm32.10.3-2021.10.win32_1.0.0.202111181127/tools/bin/../lib/gcc/arm-none-eabi/10.3.1/../../../../arm-none-eabi/lib/thumb/v7e-m+dp/hard\libm.a
END GROUP
START GROUP
LOAD d:/stm32/cubeide/stm32cubeide_1.9.0/stm32cubeide/plugins/com.st.stm32cube.ide.mcu.externaltools.gnu-tools-for-stm32.10.3-2021.10.win32_1.0.0.202111181127/tools/bin/../lib/gcc/arm-none-eabi/10.3.1/thumb/v7e-m+dp/hard\libgcc.a
LOAD d:/stm32/cubeide/stm32cubeide_1.9.0/stm32cubeide/plugins/com.st.stm32cube.ide.mcu.externaltools.gnu-tools-for-stm32.10.3-2021.10.win32_1.0.0.202111181127/tools/bin/../lib/gcc/arm-none-eabi/10.3.1/../../../../arm-none-eabi/lib/thumb/v7e-m+dp/hard\libc_nano.a
END GROUP
START GROUP
LOAD d:/stm32/cubeide/stm32cubeide_1.9.0/stm32cubeide/plugins/com.st.stm32cube.ide.mcu.externaltools.gnu-tools-for-stm32.10.3-2021.10.win32_1.0.0.202111181127/tools/bin/../lib/gcc/arm-none-eabi/10.3.1/thumb/v7e-m+dp/hard\libgcc.a
LOAD d:/stm32/cubeide/stm32cubeide_1.9.0/stm32cubeide/plugins/com.st.stm32cube.ide.mcu.externaltools.gnu-tools-for-stm32.10.3-2021.10.win32_1.0.0.202111181127/tools/bin/../lib/gcc/arm-none-eabi/10.3.1/../../../../arm-none-eabi/lib/thumb/v7e-m+dp/hard\libc_nano.a
LOAD d:/stm32/cubeide/stm32cubeide_1.9.0/stm32cubeide/plugins/com.st.stm32cube.ide.mcu.externaltools.gnu-tools-for-stm32.10.3-2021.10.win32_1.0.0.202111181127/tools/bin/../lib/gcc/arm-none-eabi/10.3.1/../../../../arm-none-eabi/lib/thumb/v7e-m+dp/hard\libnosys.a
END GROUP
START GROUP
LOAD d:/stm32/cubeide/stm32cubeide_1.9.0/stm32cubeide/plugins/com.st.stm32cube.ide.mcu.externaltools.gnu-tools-for-stm32.10.3-2021.10.win32_1.0.0.202111181127/tools/bin/../lib/gcc/arm-none-eabi/10.3.1/thumb/v7e-m+dp/hard\libgcc.a
LOAD d:/stm32/cubeide/stm32cubeide_1.9.0/stm32cubeide/plugins/com.st.stm32cube.ide.mcu.externaltools.gnu-tools-for-stm32.10.3-2021.10.win32_1.0.0.202111181127/tools/bin/../lib/gcc/arm-none-eabi/10.3.1/../../../../arm-none-eabi/lib/thumb/v7e-m+dp/hard\libc_nano.a
LOAD d:/stm32/cubeide/stm32cubeide_1.9.0/stm32cubeide/plugins/com.st.stm32cube.ide.mcu.externaltools.gnu-tools-for-stm32.10.3-2021.10.win32_1.0.0.202111181127/tools/bin/../lib/gcc/arm-none-eabi/10.3.1/../../../../arm-none-eabi/lib/thumb/v7e-m+dp/hard\libnosys.a
END GROUP
LOAD d:/stm32/cubeide/stm32cubeide_1.9.0/stm32cubeide/plugins/com.st.stm32cube.ide.mcu.externaltools.gnu-tools-for-stm32.10.3-2021.10.win32_1.0.0.202111181127/tools/bin/../lib/gcc/arm-none-eabi/10.3.1/thumb/v7e-m+dp/hard/crtend.o
LOAD d:/stm32/cubeide/stm32cubeide_1.9.0/stm32cubeide/plugins/com.st.stm32cube.ide.mcu.externaltools.gnu-tools-for-stm32.10.3-2021.10.win32_1.0.0.202111181127/tools/bin/../lib/gcc/arm-none-eabi/10.3.1/thumb/v7e-m+dp/hard/crtn.o
                0x0000000024080000                _estack = (ORIGIN (RAM_D1) + LENGTH (RAM_D1))
                0x0000000000000200                _Min_Heap_Size = 0x200
                0x0000000000000400                _Min_Stack_Size = 0x400

.isr_vector     0x0000000008000000      0x298
                0x0000000008000000                . = ALIGN (0x4)
 *(.isr_vector)
 .isr_vector    0x0000000008000000      0x298 ./Core/Startup/startup_stm32h745zitx.o
                0x0000000008000000                g_pfnVectors
                0x0000000008000298                . = ALIGN (0x4)

.text           0x00000000080002a0     0xbc34
                0x00000000080002a0                . = ALIGN (0x4)
 *(.text)
 .text          0x00000000080002a0       0x40 d:/stm32/cubeide/stm32cubeide_1.9.0/stm32cubeide/plugins/com.st.stm32cube.ide.mcu.externaltools.gnu-tools-for-stm32.10.3-2021.10.win32_1.0.0.202111181127/tools/bin/../lib/gcc/arm-none-eabi/10.3.1/thumb/v7e-m+dp/hard/crtbegin.o
 .text          0x00000000080002e0       0xa0 d:/stm32/cubeide/stm32cubeide_1.9.0/stm32cubeide/plugins/com.st.stm32cube.ide.mcu.externaltools.gnu-tools-for-stm32.10.3-2021.10.win32_1.0.0.202111181127/tools/bin/../lib/gcc/arm-none-eabi/10.3.1/../../../../arm-none-eabi/lib/thumb/v7e-m+dp/hard\libc_nano.a(lib_a-memchr.o)
                0x00000000080002e0                memchr
 .text          0x0000000008000380       0x30 d:/stm32/cubeide/stm32cubeide_1.9.0/stm32cubeide/plugins/com.st.stm32cube.ide.mcu.externaltools.gnu-tools-for-stm32.10.3-2021.10.win32_1.0.0.202111181127/tools/bin/../lib/gcc/arm-none-eabi/10.3.1/thumb/v7e-m+dp/hard\libgcc.a(_aeabi_uldivmod.o)
                0x0000000008000380                __aeabi_uldivmod
 .text          0x00000000080003b0      0x2d0 d:/stm32/cubeide/stm32cubeide_1.9.0/stm32cubeide/plugins/com.st.stm32cube.ide.mcu.externaltools.gnu-tools-for-stm32.10.3-2021.10.win32_1.0.0.202111181127/tools/bin/../lib/gcc/arm-none-eabi/10.3.1/thumb/v7e-m+dp/hard\libgcc.a(_udivmoddi4.o)
                0x00000000080003b0                __udivmoddi4
 .text          0x0000000008000680        0x4 d:/stm32/cubeide/stm32cubeide_1.9.0/stm32cubeide/plugins/com.st.stm32cube.ide.mcu.externaltools.gnu-tools-for-stm32.10.3-2021.10.win32_1.0.0.202111181127/tools/bin/../lib/gcc/arm-none-eabi/10.3.1/thumb/v7e-m+dp/hard\libgcc.a(_dvmd_tls.o)
                0x0000000008000680                __aeabi_idiv0
                0x0000000008000680                __aeabi_ldiv0
 *(.text*)
 .text.YUGIOH_card_copy
                0x0000000008000684       0x5e ./Common/Src/FRA421_Yugioh.o
                0x0000000008000684                YUGIOH_card_copy
 .text.RFID_Clear_Card_Bufffer
                0x00000000080006e2       0x48 ./Common/Src/FRA421_Yugioh.o
                0x00000000080006e2                RFID_Clear_Card_Bufffer
 .text.YUGIOH_Clear_Card_Bufffer_Player
                0x000000000800072a       0x4a ./Common/Src/FRA421_Yugioh.o
                0x000000000800072a                YUGIOH_Clear_Card_Bufffer_Player
 .text.YUGIOH_Clear_Card_All
                0x0000000008000774       0xb0 ./Common/Src/FRA421_Yugioh.o
                0x0000000008000774                YUGIOH_Clear_Card_All
 .text.YUGIOH_card_Buffer_Update_Player
                0x0000000008000824       0x58 ./Common/Src/FRA421_Yugioh.o
                0x0000000008000824                YUGIOH_card_Buffer_Update_Player
 .text.GAME_PLAY_Management
                0x000000000800087c      0x4d0 ./Common/Src/FRA421_Yugioh.o
                0x000000000800087c                GAME_PLAY_Management
 .text.GAME_PLAY_Phase_Management
                0x0000000008000d4c      0xa90 ./Common/Src/FRA421_Yugioh.o
                0x0000000008000d4c                GAME_PLAY_Phase_Management
 .text.Player_Reading_Card
                0x00000000080017dc       0x72 ./Common/Src/FRA421_Yugioh.o
                0x00000000080017dc                Player_Reading_Card
 .text.YUGIOH_To_GY
                0x000000000800184e       0x80 ./Common/Src/FRA421_Yugioh.o
                0x000000000800184e                YUGIOH_To_GY
 *fill*         0x00000000080018ce        0x2 
 .text.MainGUI  0x00000000080018d0      0x140 ./Common/Src/FRA421_Yugioh.o
                0x00000000080018d0                MainGUI
 .text.SystemInit
                0x0000000008001a10      0x12c ./Common/Src/system_stm32h7xx_dualcore_boot_cm4_cm7.o
                0x0000000008001a10                SystemInit
 .text.main     0x0000000008001b3c       0xf8 ./Core/Src/main.o
                0x0000000008001b3c                main
 .text.SystemClock_Config
                0x0000000008001c34      0x108 ./Core/Src/main.o
                0x0000000008001c34                SystemClock_Config
 .text.PeriphCommonClock_Config
                0x0000000008001d3c       0x62 ./Core/Src/main.o
                0x0000000008001d3c                PeriphCommonClock_Config
 *fill*         0x0000000008001d9e        0x2 
 .text.MX_ETH_Init
                0x0000000008001da0       0x98 ./Core/Src/main.o
 .text.MX_SPI3_Init
                0x0000000008001e38       0xb0 ./Core/Src/main.o
 .text.MX_USART3_UART_Init
                0x0000000008001ee8       0x9c ./Core/Src/main.o
 .text.MX_USB_OTG_FS_PCD_Init
                0x0000000008001f84       0x64 ./Core/Src/main.o
 .text.MX_DMA_Init
                0x0000000008001fe8       0x50 ./Core/Src/main.o
 .text.MX_GPIO_Init
                0x0000000008002038      0x260 ./Core/Src/main.o
 .text.Error_Handler
                0x0000000008002298        0xa ./Core/Src/main.o
                0x0000000008002298                Error_Handler
 *fill*         0x00000000080022a2        0x2 
 .text.ST7735_Select
                0x00000000080022a4       0x18 ./Core/Src/st7735.o
 .text.ST7735_Unselect
                0x00000000080022bc       0x18 ./Core/Src/st7735.o
                0x00000000080022bc                ST7735_Unselect
 .text.ST7735_Select1
                0x00000000080022d4       0x18 ./Core/Src/st7735.o
 .text.ST7735_Unselect1
                0x00000000080022ec       0x18 ./Core/Src/st7735.o
                0x00000000080022ec                ST7735_Unselect1
 .text.ST7735_Reset
                0x0000000008002304       0x2c ./Core/Src/st7735.o
 .text.ST7735_WriteCommand
                0x0000000008002330       0x34 ./Core/Src/st7735.o
 .text.ST7735_WriteData
                0x0000000008002364       0x38 ./Core/Src/st7735.o
 .text.ST7735_ExecuteCommandList
                0x000000000800239c       0x92 ./Core/Src/st7735.o
 .text.ST7735_SetAddressWindow
                0x000000000800242e       0x78 ./Core/Src/st7735.o
 *fill*         0x00000000080024a6        0x2 
 .text.ST7735_Init
                0x00000000080024a8       0x3c ./Core/Src/st7735.o
                0x00000000080024a8                ST7735_Init
 .text.ST7735_WriteChar
                0x00000000080024e4       0xee ./Core/Src/st7735.o
 .text.ST7735_WriteString
                0x00000000080025d2       0x94 ./Core/Src/st7735.o
                0x00000000080025d2                ST7735_WriteString
 .text.ST7735_WriteString1
                0x0000000008002666       0x94 ./Core/Src/st7735.o
                0x0000000008002666                ST7735_WriteString1
 *fill*         0x00000000080026fa        0x2 
 .text.ST7735_FillRectangle
                0x00000000080026fc       0xe8 ./Core/Src/st7735.o
                0x00000000080026fc                ST7735_FillRectangle
 .text.ST7735_FillRectangle1
                0x00000000080027e4       0xe8 ./Core/Src/st7735.o
                0x00000000080027e4                ST7735_FillRectangle1
 .text.ST7735_FillScreen
                0x00000000080028cc       0x22 ./Core/Src/st7735.o
                0x00000000080028cc                ST7735_FillScreen
 .text.ST7735_FillScreen1
                0x00000000080028ee       0x22 ./Core/Src/st7735.o
                0x00000000080028ee                ST7735_FillScreen1
 .text.HAL_MspInit
                0x0000000008002910       0x34 ./Core/Src/stm32h7xx_hal_msp.o
                0x0000000008002910                HAL_MspInit
 .text.HAL_ETH_MspInit
                0x0000000008002944      0x19c ./Core/Src/stm32h7xx_hal_msp.o
                0x0000000008002944                HAL_ETH_MspInit
 .text.HAL_SPI_MspInit
                0x0000000008002ae0       0xd8 ./Core/Src/stm32h7xx_hal_msp.o
                0x0000000008002ae0                HAL_SPI_MspInit
 .text.HAL_UART_MspInit
                0x0000000008002bb8      0x1a4 ./Core/Src/stm32h7xx_hal_msp.o
                0x0000000008002bb8                HAL_UART_MspInit
 .text.HAL_PCD_MspInit
                0x0000000008002d5c       0xb4 ./Core/Src/stm32h7xx_hal_msp.o
                0x0000000008002d5c                HAL_PCD_MspInit
 .text.NMI_Handler
                0x0000000008002e10        0x6 ./Core/Src/stm32h7xx_it.o
                0x0000000008002e10                NMI_Handler
 .text.HardFault_Handler
                0x0000000008002e16        0x6 ./Core/Src/stm32h7xx_it.o
                0x0000000008002e16                HardFault_Handler
 .text.MemManage_Handler
                0x0000000008002e1c        0x6 ./Core/Src/stm32h7xx_it.o
                0x0000000008002e1c                MemManage_Handler
 .text.BusFault_Handler
                0x0000000008002e22        0x6 ./Core/Src/stm32h7xx_it.o
                0x0000000008002e22                BusFault_Handler
 .text.UsageFault_Handler
                0x0000000008002e28        0x6 ./Core/Src/stm32h7xx_it.o
                0x0000000008002e28                UsageFault_Handler
 .text.SVC_Handler
                0x0000000008002e2e        0xe ./Core/Src/stm32h7xx_it.o
                0x0000000008002e2e                SVC_Handler
 .text.DebugMon_Handler
                0x0000000008002e3c        0xe ./Core/Src/stm32h7xx_it.o
                0x0000000008002e3c                DebugMon_Handler
 .text.PendSV_Handler
                0x0000000008002e4a        0xe ./Core/Src/stm32h7xx_it.o
                0x0000000008002e4a                PendSV_Handler
 .text.SysTick_Handler
                0x0000000008002e58        0xc ./Core/Src/stm32h7xx_it.o
                0x0000000008002e58                SysTick_Handler
 .text.DMA1_Stream1_IRQHandler
                0x0000000008002e64       0x14 ./Core/Src/stm32h7xx_it.o
                0x0000000008002e64                DMA1_Stream1_IRQHandler
 .text.DMA1_Stream4_IRQHandler
                0x0000000008002e78       0x14 ./Core/Src/stm32h7xx_it.o
                0x0000000008002e78                DMA1_Stream4_IRQHandler
 .text.USART3_IRQHandler
                0x0000000008002e8c       0x14 ./Core/Src/stm32h7xx_it.o
                0x0000000008002e8c                USART3_IRQHandler
 .text._sbrk    0x0000000008002ea0       0x6c ./Core/Src/sysmem.o
                0x0000000008002ea0                _sbrk
 .text.Reset_Handler
                0x0000000008002f0c       0x50 ./Core/Startup/startup_stm32h745zitx.o
                0x0000000008002f0c                Reset_Handler
 .text.Default_Handler
                0x0000000008002f5c        0x2 ./Core/Startup/startup_stm32h745zitx.o
                0x0000000008002f5c                RTC_Alarm_IRQHandler
                0x0000000008002f5c                EXTI2_IRQHandler
                0x0000000008002f5c                TIM8_CC_IRQHandler
                0x0000000008002f5c                HRTIM1_Master_IRQHandler
                0x0000000008002f5c                UART8_IRQHandler
                0x0000000008002f5c                SPI4_IRQHandler
                0x0000000008002f5c                TIM1_CC_IRQHandler
                0x0000000008002f5c                BDMA_Channel6_IRQHandler
                0x0000000008002f5c                DMA2_Stream5_IRQHandler
                0x0000000008002f5c                HRTIM1_FLT_IRQHandler
                0x0000000008002f5c                JPEG_IRQHandler
                0x0000000008002f5c                DMA1_Stream5_IRQHandler
                0x0000000008002f5c                BDMA_Channel1_IRQHandler
                0x0000000008002f5c                HRTIM1_TIMD_IRQHandler
                0x0000000008002f5c                TAMP_STAMP_IRQHandler
                0x0000000008002f5c                EXTI3_IRQHandler
                0x0000000008002f5c                LPTIM4_IRQHandler
                0x0000000008002f5c                TIM8_TRG_COM_TIM14_IRQHandler
                0x0000000008002f5c                LPTIM2_IRQHandler
                0x0000000008002f5c                DFSDM1_FLT1_IRQHandler
                0x0000000008002f5c                DMAMUX2_OVR_IRQHandler
                0x0000000008002f5c                TIM8_UP_TIM13_IRQHandler
                0x0000000008002f5c                I2C3_ER_IRQHandler
                0x0000000008002f5c                DFSDM1_FLT2_IRQHandler
                0x0000000008002f5c                MDMA_IRQHandler
                0x0000000008002f5c                LPTIM3_IRQHandler
                0x0000000008002f5c                HSEM1_IRQHandler
                0x0000000008002f5c                EXTI0_IRQHandler
                0x0000000008002f5c                I2C2_EV_IRQHandler
                0x0000000008002f5c                DMA1_Stream2_IRQHandler
                0x0000000008002f5c                FPU_IRQHandler
                0x0000000008002f5c                OTG_HS_WKUP_IRQHandler
                0x0000000008002f5c                FDCAN1_IT1_IRQHandler
                0x0000000008002f5c                LTDC_ER_IRQHandler
                0x0000000008002f5c                DMA2_Stream2_IRQHandler
                0x0000000008002f5c                HRTIM1_TIME_IRQHandler
                0x0000000008002f5c                SPI1_IRQHandler
                0x0000000008002f5c                TIM6_DAC_IRQHandler
                0x0000000008002f5c                DCMI_IRQHandler
                0x0000000008002f5c                HRTIM1_TIMC_IRQHandler
                0x0000000008002f5c                DMA2_Stream3_IRQHandler
                0x0000000008002f5c                SAI2_IRQHandler
                0x0000000008002f5c                DFSDM1_FLT3_IRQHandler
                0x0000000008002f5c                USART6_IRQHandler
                0x0000000008002f5c                TIM17_IRQHandler
                0x0000000008002f5c                BDMA_Channel7_IRQHandler
                0x0000000008002f5c                LPTIM5_IRQHandler
                0x0000000008002f5c                UART5_IRQHandler
                0x0000000008002f5c                ADC3_IRQHandler
                0x0000000008002f5c                DMA2_Stream0_IRQHandler
                0x0000000008002f5c                TIM4_IRQHandler
                0x0000000008002f5c                BDMA_Channel2_IRQHandler
                0x0000000008002f5c                QUADSPI_IRQHandler
                0x0000000008002f5c                I2C1_EV_IRQHandler
                0x0000000008002f5c                DMA1_Stream6_IRQHandler
                0x0000000008002f5c                DMAMUX1_OVR_IRQHandler
                0x0000000008002f5c                TIM16_IRQHandler
                0x0000000008002f5c                UART4_IRQHandler
                0x0000000008002f5c                BDMA_Channel5_IRQHandler
                0x0000000008002f5c                TIM3_IRQHandler
                0x0000000008002f5c                RCC_IRQHandler
                0x0000000008002f5c                TIM8_BRK_TIM12_IRQHandler
                0x0000000008002f5c                TIM1_TRG_COM_IRQHandler
                0x0000000008002f5c                Default_Handler
                0x0000000008002f5c                ECC_IRQHandler
                0x0000000008002f5c                CEC_IRQHandler
                0x0000000008002f5c                EXTI15_10_IRQHandler
                0x0000000008002f5c                BDMA_Channel0_IRQHandler
                0x0000000008002f5c                ADC_IRQHandler
                0x0000000008002f5c                DMA1_Stream7_IRQHandler
                0x0000000008002f5c                HRTIM1_TIMA_IRQHandler
                0x0000000008002f5c                SPI5_IRQHandler
                0x0000000008002f5c                TIM7_IRQHandler
                0x0000000008002f5c                SDMMC1_IRQHandler
                0x0000000008002f5c                TIM5_IRQHandler
                0x0000000008002f5c                DMA2_Stream7_IRQHandler
                0x0000000008002f5c                TIM15_IRQHandler
                0x0000000008002f5c                PVD_AVD_IRQHandler
                0x0000000008002f5c                I2C3_EV_IRQHandler
                0x0000000008002f5c                EXTI9_5_IRQHandler
                0x0000000008002f5c                RTC_WKUP_IRQHandler
                0x0000000008002f5c                LTDC_IRQHandler
                0x0000000008002f5c                SAI3_IRQHandler
                0x0000000008002f5c                ETH_WKUP_IRQHandler
                0x0000000008002f5c                SPDIF_RX_IRQHandler
                0x0000000008002f5c                SPI2_IRQHandler
                0x0000000008002f5c                OTG_HS_EP1_IN_IRQHandler
                0x0000000008002f5c                DMA1_Stream0_IRQHandler
                0x0000000008002f5c                CRS_IRQHandler
                0x0000000008002f5c                CM7_SEV_IRQHandler
                0x0000000008002f5c                EXTI4_IRQHandler
                0x0000000008002f5c                RNG_IRQHandler
                0x0000000008002f5c                CM4_SEV_IRQHandler
                0x0000000008002f5c                HRTIM1_TIMB_IRQHandler
                0x0000000008002f5c                FDCAN2_IT1_IRQHandler
                0x0000000008002f5c                ETH_IRQHandler
                0x0000000008002f5c                TIM1_UP_IRQHandler
                0x0000000008002f5c                WWDG_RST_IRQHandler
                0x0000000008002f5c                BDMA_Channel4_IRQHandler
                0x0000000008002f5c                OTG_HS_EP1_OUT_IRQHandler
                0x0000000008002f5c                WWDG_IRQHandler
                0x0000000008002f5c                SPI6_IRQHandler
                0x0000000008002f5c                MDIOS_IRQHandler
                0x0000000008002f5c                I2C4_EV_IRQHandler
                0x0000000008002f5c                FDCAN2_IT0_IRQHandler
                0x0000000008002f5c                LPUART1_IRQHandler
                0x0000000008002f5c                FDCAN1_IT0_IRQHandler
                0x0000000008002f5c                TIM2_IRQHandler
                0x0000000008002f5c                OTG_FS_WKUP_IRQHandler
                0x0000000008002f5c                OTG_HS_IRQHandler
                0x0000000008002f5c                HSEM2_IRQHandler
                0x0000000008002f5c                DMA2D_IRQHandler
                0x0000000008002f5c                TIM1_BRK_IRQHandler
                0x0000000008002f5c                EXTI1_IRQHandler
                0x0000000008002f5c                SDMMC2_IRQHandler
                0x0000000008002f5c                OTG_FS_EP1_OUT_IRQHandler
                0x0000000008002f5c                BDMA_Channel3_IRQHandler
                0x0000000008002f5c                HOLD_CORE_IRQHandler
                0x0000000008002f5c                UART7_IRQHandler
                0x0000000008002f5c                MDIOS_WKUP_IRQHandler
                0x0000000008002f5c                USART2_IRQHandler
                0x0000000008002f5c                DFSDM1_FLT0_IRQHandler
                0x0000000008002f5c                SAI4_IRQHandler
                0x0000000008002f5c                I2C2_ER_IRQHandler
                0x0000000008002f5c                DMA2_Stream1_IRQHandler
                0x0000000008002f5c                FLASH_IRQHandler
                0x0000000008002f5c                DMA2_Stream4_IRQHandler
                0x0000000008002f5c                USART1_IRQHandler
                0x0000000008002f5c                OTG_FS_IRQHandler
                0x0000000008002f5c                SPI3_IRQHandler
                0x0000000008002f5c                WAKEUP_PIN_IRQHandler
                0x0000000008002f5c                OTG_FS_EP1_IN_IRQHandler
                0x0000000008002f5c                I2C1_ER_IRQHandler
                0x0000000008002f5c                FMC_IRQHandler
                0x0000000008002f5c                FDCAN_CAL_IRQHandler
                0x0000000008002f5c                SWPMI1_IRQHandler
                0x0000000008002f5c                COMP1_IRQHandler
                0x0000000008002f5c                LPTIM1_IRQHandler
                0x0000000008002f5c                I2C4_ER_IRQHandler
                0x0000000008002f5c                DMA2_Stream6_IRQHandler
                0x0000000008002f5c                SAI1_IRQHandler
                0x0000000008002f5c                DMA1_Stream3_IRQHandler
 *fill*         0x0000000008002f5e        0x2 
 .text.HAL_Init
                0x0000000008002f60       0x78 ./Drivers/STM32H7xx_HAL_Driver/stm32h7xx_hal.o
                0x0000000008002f60                HAL_Init
 .text.HAL_InitTick
                0x0000000008002fd8       0x6c ./Drivers/STM32H7xx_HAL_Driver/stm32h7xx_hal.o
                0x0000000008002fd8                HAL_InitTick
 .text.HAL_IncTick
                0x0000000008003044       0x28 ./Drivers/STM32H7xx_HAL_Driver/stm32h7xx_hal.o
                0x0000000008003044                HAL_IncTick
 .text.HAL_GetTick
                0x000000000800306c       0x18 ./Drivers/STM32H7xx_HAL_Driver/stm32h7xx_hal.o
                0x000000000800306c                HAL_GetTick
 .text.HAL_Delay
                0x0000000008003084       0x48 ./Drivers/STM32H7xx_HAL_Driver/stm32h7xx_hal.o
                0x0000000008003084                HAL_Delay
 .text.HAL_GetREVID
                0x00000000080030cc       0x18 ./Drivers/STM32H7xx_HAL_Driver/stm32h7xx_hal.o
                0x00000000080030cc                HAL_GetREVID
 .text.HAL_SYSCFG_ETHInterfaceSelect
                0x00000000080030e4       0x28 ./Drivers/STM32H7xx_HAL_Driver/stm32h7xx_hal.o
                0x00000000080030e4                HAL_SYSCFG_ETHInterfaceSelect
 .text.__NVIC_SetPriorityGrouping
                0x000000000800310c       0x48 ./Drivers/STM32H7xx_HAL_Driver/stm32h7xx_hal_cortex.o
 .text.__NVIC_GetPriorityGrouping
                0x0000000008003154       0x1c ./Drivers/STM32H7xx_HAL_Driver/stm32h7xx_hal_cortex.o
 .text.__NVIC_EnableIRQ
                0x0000000008003170       0x3c ./Drivers/STM32H7xx_HAL_Driver/stm32h7xx_hal_cortex.o
 .text.__NVIC_SetPriority
                0x00000000080031ac       0x54 ./Drivers/STM32H7xx_HAL_Driver/stm32h7xx_hal_cortex.o
 .text.NVIC_EncodePriority
                0x0000000008003200       0x66 ./Drivers/STM32H7xx_HAL_Driver/stm32h7xx_hal_cortex.o
 *fill*         0x0000000008003266        0x2 
 .text.SysTick_Config
                0x0000000008003268       0x44 ./Drivers/STM32H7xx_HAL_Driver/stm32h7xx_hal_cortex.o
 .text.HAL_NVIC_SetPriorityGrouping
                0x00000000080032ac       0x16 ./Drivers/STM32H7xx_HAL_Driver/stm32h7xx_hal_cortex.o
                0x00000000080032ac                HAL_NVIC_SetPriorityGrouping
 .text.HAL_NVIC_SetPriority
                0x00000000080032c2       0x34 ./Drivers/STM32H7xx_HAL_Driver/stm32h7xx_hal_cortex.o
                0x00000000080032c2                HAL_NVIC_SetPriority
 .text.HAL_NVIC_EnableIRQ
                0x00000000080032f6       0x1c ./Drivers/STM32H7xx_HAL_Driver/stm32h7xx_hal_cortex.o
                0x00000000080032f6                HAL_NVIC_EnableIRQ
 .text.HAL_SYSTICK_Config
                0x0000000008003312       0x18 ./Drivers/STM32H7xx_HAL_Driver/stm32h7xx_hal_cortex.o
                0x0000000008003312                HAL_SYSTICK_Config
 *fill*         0x000000000800332a        0x2 
 .text.HAL_DMA_Init
                0x000000000800332c      0x6b8 ./Drivers/STM32H7xx_HAL_Driver/stm32h7xx_hal_dma.o
                0x000000000800332c                HAL_DMA_Init
 .text.HAL_DMA_Abort
                0x00000000080039e4      0x63c ./Drivers/STM32H7xx_HAL_Driver/stm32h7xx_hal_dma.o
                0x00000000080039e4                HAL_DMA_Abort
 .text.HAL_DMA_Abort_IT
                0x0000000008004020      0x48c ./Drivers/STM32H7xx_HAL_Driver/stm32h7xx_hal_dma.o
                0x0000000008004020                HAL_DMA_Abort_IT
 .text.HAL_DMA_IRQHandler
                0x00000000080044ac      0xe54 ./Drivers/STM32H7xx_HAL_Driver/stm32h7xx_hal_dma.o
                0x00000000080044ac                HAL_DMA_IRQHandler
 .text.DMA_CalcBaseAndBitshift
                0x0000000008005300      0x164 ./Drivers/STM32H7xx_HAL_Driver/stm32h7xx_hal_dma.o
 .text.DMA_CheckFifoParam
                0x0000000008005464       0xf8 ./Drivers/STM32H7xx_HAL_Driver/stm32h7xx_hal_dma.o
 .text.DMA_CalcDMAMUXChannelBaseAndMask
                0x000000000800555c      0x134 ./Drivers/STM32H7xx_HAL_Driver/stm32h7xx_hal_dma.o
 .text.DMA_CalcDMAMUXRequestGenBaseAndMask
                0x0000000008005690       0xe8 ./Drivers/STM32H7xx_HAL_Driver/stm32h7xx_hal_dma.o
 .text.HAL_ETH_Init
                0x0000000008005778      0x1cc ./Drivers/STM32H7xx_HAL_Driver/stm32h7xx_hal_eth.o
                0x0000000008005778                HAL_ETH_Init
 .text.HAL_ETH_SetMDIOClockRange
                0x0000000008005944       0xb0 ./Drivers/STM32H7xx_HAL_Driver/stm32h7xx_hal_eth.o
                0x0000000008005944                HAL_ETH_SetMDIOClockRange
 .text.ETH_SetMACConfig
                0x00000000080059f4      0x238 ./Drivers/STM32H7xx_HAL_Driver/stm32h7xx_hal_eth.o
 .text.ETH_SetDMAConfig
                0x0000000008005c2c      0x10c ./Drivers/STM32H7xx_HAL_Driver/stm32h7xx_hal_eth.o
 .text.ETH_MACDMAConfig
                0x0000000008005d38      0x13a ./Drivers/STM32H7xx_HAL_Driver/stm32h7xx_hal_eth.o
 .text.ETH_DMATxDescListInit
                0x0000000008005e72       0x92 ./Drivers/STM32H7xx_HAL_Driver/stm32h7xx_hal_eth.o
 .text.ETH_DMARxDescListInit
                0x0000000008005f04       0xba ./Drivers/STM32H7xx_HAL_Driver/stm32h7xx_hal_eth.o
 *fill*         0x0000000008005fbe        0x2 
 .text.HAL_GPIO_Init
                0x0000000008005fc0      0x360 ./Drivers/STM32H7xx_HAL_Driver/stm32h7xx_hal_gpio.o
                0x0000000008005fc0                HAL_GPIO_Init
 .text.HAL_GPIO_ReadPin
                0x0000000008006320       0x30 ./Drivers/STM32H7xx_HAL_Driver/stm32h7xx_hal_gpio.o
                0x0000000008006320                HAL_GPIO_ReadPin
 .text.HAL_GPIO_WritePin
                0x0000000008006350       0x32 ./Drivers/STM32H7xx_HAL_Driver/stm32h7xx_hal_gpio.o
                0x0000000008006350                HAL_GPIO_WritePin
 .text.HAL_GPIO_TogglePin
                0x0000000008006382       0x34 ./Drivers/STM32H7xx_HAL_Driver/stm32h7xx_hal_gpio.o
                0x0000000008006382                HAL_GPIO_TogglePin
 *fill*         0x00000000080063b6        0x2 
 .text.HAL_HSEM_FastTake
                0x00000000080063b8       0x34 ./Drivers/STM32H7xx_HAL_Driver/stm32h7xx_hal_hsem.o
                0x00000000080063b8                HAL_HSEM_FastTake
 .text.HAL_HSEM_Release
                0x00000000080063ec       0x28 ./Drivers/STM32H7xx_HAL_Driver/stm32h7xx_hal_hsem.o
                0x00000000080063ec                HAL_HSEM_Release
 .text.HAL_PCD_Init
                0x0000000008006414      0x248 ./Drivers/STM32H7xx_HAL_Driver/stm32h7xx_hal_pcd.o
                0x0000000008006414                HAL_PCD_Init
 .text.HAL_PCDEx_ActivateLPM
                0x000000000800665c       0x48 ./Drivers/STM32H7xx_HAL_Driver/stm32h7xx_hal_pcd_ex.o
                0x000000000800665c                HAL_PCDEx_ActivateLPM
 .text.HAL_PWREx_ConfigSupply
                0x00000000080066a4       0xb4 ./Drivers/STM32H7xx_HAL_Driver/stm32h7xx_hal_pwr_ex.o
                0x00000000080066a4                HAL_PWREx_ConfigSupply
 .text.HAL_PWREx_EnableUSBVoltageDetector
                0x0000000008006758       0x20 ./Drivers/STM32H7xx_HAL_Driver/stm32h7xx_hal_pwr_ex.o
                0x0000000008006758                HAL_PWREx_EnableUSBVoltageDetector
 .text.HAL_RCC_OscConfig
                0x0000000008006778      0x85c ./Drivers/STM32H7xx_HAL_Driver/stm32h7xx_hal_rcc.o
                0x0000000008006778                HAL_RCC_OscConfig
 .text.HAL_RCC_ClockConfig
                0x0000000008006fd4      0x36c ./Drivers/STM32H7xx_HAL_Driver/stm32h7xx_hal_rcc.o
                0x0000000008006fd4                HAL_RCC_ClockConfig
 .text.HAL_RCC_GetSysClockFreq
                0x0000000008007340      0x2f4 ./Drivers/STM32H7xx_HAL_Driver/stm32h7xx_hal_rcc.o
                0x0000000008007340                HAL_RCC_GetSysClockFreq
 .text.HAL_RCC_GetHCLKFreq
                0x0000000008007634       0x60 ./Drivers/STM32H7xx_HAL_Driver/stm32h7xx_hal_rcc.o
                0x0000000008007634                HAL_RCC_GetHCLKFreq
 .text.HAL_RCC_GetPCLK1Freq
                0x0000000008007694       0x2c ./Drivers/STM32H7xx_HAL_Driver/stm32h7xx_hal_rcc.o
                0x0000000008007694                HAL_RCC_GetPCLK1Freq
 .text.HAL_RCC_GetPCLK2Freq
                0x00000000080076c0       0x2c ./Drivers/STM32H7xx_HAL_Driver/stm32h7xx_hal_rcc.o
                0x00000000080076c0                HAL_RCC_GetPCLK2Freq
 .text.HAL_RCCEx_PeriphCLKConfig
                0x00000000080076ec      0xe8c ./Drivers/STM32H7xx_HAL_Driver/stm32h7xx_hal_rcc_ex.o
                0x00000000080076ec                HAL_RCCEx_PeriphCLKConfig
 .text.HAL_RCCEx_GetD3PCLK1Freq
                0x0000000008008578       0x2c ./Drivers/STM32H7xx_HAL_Driver/stm32h7xx_hal_rcc_ex.o
                0x0000000008008578                HAL_RCCEx_GetD3PCLK1Freq
 .text.HAL_RCCEx_GetPLL2ClockFreq
                0x00000000080085a4      0x2a8 ./Drivers/STM32H7xx_HAL_Driver/stm32h7xx_hal_rcc_ex.o
                0x00000000080085a4                HAL_RCCEx_GetPLL2ClockFreq
 .text.HAL_RCCEx_GetPLL3ClockFreq
                0x000000000800884c      0x2a8 ./Drivers/STM32H7xx_HAL_Driver/stm32h7xx_hal_rcc_ex.o
                0x000000000800884c                HAL_RCCEx_GetPLL3ClockFreq
 .text.RCCEx_PLL2_Config
                0x0000000008008af4      0x164 ./Drivers/STM32H7xx_HAL_Driver/stm32h7xx_hal_rcc_ex.o
 .text.RCCEx_PLL3_Config
                0x0000000008008c58      0x164 ./Drivers/STM32H7xx_HAL_Driver/stm32h7xx_hal_rcc_ex.o
 .text.HAL_SPI_Init
                0x0000000008008dbc      0x20c ./Drivers/STM32H7xx_HAL_Driver/stm32h7xx_hal_spi.o
                0x0000000008008dbc                HAL_SPI_Init
 .text.HAL_SPI_Transmit
                0x0000000008008fc8      0x3e4 ./Drivers/STM32H7xx_HAL_Driver/stm32h7xx_hal_spi.o
                0x0000000008008fc8                HAL_SPI_Transmit
 .text.SPI_CloseTransfer
                0x00000000080093ac      0x140 ./Drivers/STM32H7xx_HAL_Driver/stm32h7xx_hal_spi.o
 .text.SPI_WaitOnFlagUntilTimeout
                0x00000000080094ec       0x5c ./Drivers/STM32H7xx_HAL_Driver/stm32h7xx_hal_spi.o
 .text.SPI_GetPacketSize
                0x0000000008009548       0x36 ./Drivers/STM32H7xx_HAL_Driver/stm32h7xx_hal_spi.o
 .text.HAL_UART_Init
                0x000000000800957e       0xa0 ./Drivers/STM32H7xx_HAL_Driver/stm32h7xx_hal_uart.o
                0x000000000800957e                HAL_UART_Init
 *fill*         0x000000000800961e        0x2 
 .text.HAL_UART_IRQHandler
                0x0000000008009620      0x73c ./Drivers/STM32H7xx_HAL_Driver/stm32h7xx_hal_uart.o
                0x0000000008009620                HAL_UART_IRQHandler
 .text.HAL_UART_TxCpltCallback
                0x0000000008009d5c       0x14 ./Drivers/STM32H7xx_HAL_Driver/stm32h7xx_hal_uart.o
                0x0000000008009d5c                HAL_UART_TxCpltCallback
 .text.HAL_UART_ErrorCallback
                0x0000000008009d70       0x14 ./Drivers/STM32H7xx_HAL_Driver/stm32h7xx_hal_uart.o
                0x0000000008009d70                HAL_UART_ErrorCallback
 .text.HAL_UARTEx_RxEventCallback
                0x0000000008009d84       0x18 ./Drivers/STM32H7xx_HAL_Driver/stm32h7xx_hal_uart.o
                0x0000000008009d84                HAL_UARTEx_RxEventCallback
 .text.UART_SetConfig
                0x0000000008009d9c      0xad0 ./Drivers/STM32H7xx_HAL_Driver/stm32h7xx_hal_uart.o
                0x0000000008009d9c                UART_SetConfig
 .text.UART_AdvFeatureConfig
                0x000000000800a86c      0x144 ./Drivers/STM32H7xx_HAL_Driver/stm32h7xx_hal_uart.o
                0x000000000800a86c                UART_AdvFeatureConfig
 .text.UART_CheckIdleState
                0x000000000800a9b0       0x96 ./Drivers/STM32H7xx_HAL_Driver/stm32h7xx_hal_uart.o
                0x000000000800a9b0                UART_CheckIdleState
 .text.UART_WaitOnFlagUntilTimeout
                0x000000000800aa46      0x190 ./Drivers/STM32H7xx_HAL_Driver/stm32h7xx_hal_uart.o
                0x000000000800aa46                UART_WaitOnFlagUntilTimeout
 *fill*         0x000000000800abd6        0x2 
 .text.UART_EndRxTransfer
                0x000000000800abd8       0xcc ./Drivers/STM32H7xx_HAL_Driver/stm32h7xx_hal_uart.o
 .text.UART_DMAAbortOnError
                0x000000000800aca4       0x2c ./Drivers/STM32H7xx_HAL_Driver/stm32h7xx_hal_uart.o
 .text.UART_EndTransmit_IT
                0x000000000800acd0       0x56 ./Drivers/STM32H7xx_HAL_Driver/stm32h7xx_hal_uart.o
 .text.HAL_UARTEx_WakeupCallback
                0x000000000800ad26       0x14 ./Drivers/STM32H7xx_HAL_Driver/stm32h7xx_hal_uart_ex.o
                0x000000000800ad26                HAL_UARTEx_WakeupCallback
 .text.HAL_UARTEx_RxFifoFullCallback
                0x000000000800ad3a       0x14 ./Drivers/STM32H7xx_HAL_Driver/stm32h7xx_hal_uart_ex.o
                0x000000000800ad3a                HAL_UARTEx_RxFifoFullCallback
 .text.HAL_UARTEx_TxFifoEmptyCallback
                0x000000000800ad4e       0x14 ./Drivers/STM32H7xx_HAL_Driver/stm32h7xx_hal_uart_ex.o
                0x000000000800ad4e                HAL_UARTEx_TxFifoEmptyCallback
 .text.HAL_UARTEx_DisableFifoMode
                0x000000000800ad62       0x72 ./Drivers/STM32H7xx_HAL_Driver/stm32h7xx_hal_uart_ex.o
                0x000000000800ad62                HAL_UARTEx_DisableFifoMode
 .text.HAL_UARTEx_SetTxFifoThreshold
                0x000000000800add4       0x7c ./Drivers/STM32H7xx_HAL_Driver/stm32h7xx_hal_uart_ex.o
                0x000000000800add4                HAL_UARTEx_SetTxFifoThreshold
 .text.HAL_UARTEx_SetRxFifoThreshold
                0x000000000800ae50       0x7c ./Drivers/STM32H7xx_HAL_Driver/stm32h7xx_hal_uart_ex.o
                0x000000000800ae50                HAL_UARTEx_SetRxFifoThreshold
 .text.UARTEx_SetNbDataToProcess
                0x000000000800aecc       0x9c ./Drivers/STM32H7xx_HAL_Driver/stm32h7xx_hal_uart_ex.o
 .text.USB_CoreInit
                0x000000000800af68       0xdc ./Drivers/STM32H7xx_HAL_Driver/stm32h7xx_ll_usb.o
                0x000000000800af68                USB_CoreInit
 .text.USB_DisableGlobalInt
                0x000000000800b044       0x22 ./Drivers/STM32H7xx_HAL_Driver/stm32h7xx_ll_usb.o
                0x000000000800b044                USB_DisableGlobalInt
 .text.USB_SetCurrentMode
                0x000000000800b066       0x98 ./Drivers/STM32H7xx_HAL_Driver/stm32h7xx_ll_usb.o
                0x000000000800b066                USB_SetCurrentMode
 *fill*         0x000000000800b0fe        0x2 
 .text.USB_DevInit
                0x000000000800b100      0x2bc ./Drivers/STM32H7xx_HAL_Driver/stm32h7xx_ll_usb.o
                0x000000000800b100                USB_DevInit
 .text.USB_FlushTxFifo
                0x000000000800b3bc       0x68 ./Drivers/STM32H7xx_HAL_Driver/stm32h7xx_ll_usb.o
                0x000000000800b3bc                USB_FlushTxFifo
 .text.USB_FlushRxFifo
                0x000000000800b424       0x60 ./Drivers/STM32H7xx_HAL_Driver/stm32h7xx_ll_usb.o
                0x000000000800b424                USB_FlushRxFifo
 .text.USB_SetDevSpeed
                0x000000000800b484       0x32 ./Drivers/STM32H7xx_HAL_Driver/stm32h7xx_ll_usb.o
                0x000000000800b484                USB_SetDevSpeed
 .text.USB_DevDisconnect
                0x000000000800b4b6       0x42 ./Drivers/STM32H7xx_HAL_Driver/stm32h7xx_ll_usb.o
                0x000000000800b4b6                USB_DevDisconnect
 .text.USB_GetMode
                0x000000000800b4f8       0x1c ./Drivers/STM32H7xx_HAL_Driver/stm32h7xx_ll_usb.o
                0x000000000800b4f8                USB_GetMode
 .text.USB_CoreReset
                0x000000000800b514       0x68 ./Drivers/STM32H7xx_HAL_Driver/stm32h7xx_ll_usb.o
 .text.__errno  0x000000000800b57c        0xc d:/stm32/cubeide/stm32cubeide_1.9.0/stm32cubeide/plugins/com.st.stm32cube.ide.mcu.externaltools.gnu-tools-for-stm32.10.3-2021.10.win32_1.0.0.202111181127/tools/bin/../lib/gcc/arm-none-eabi/10.3.1/../../../../arm-none-eabi/lib/thumb/v7e-m+dp/hard\libc_nano.a(lib_a-errno.o)
                0x000000000800b57c                __errno
 .text.__libc_init_array
                0x000000000800b588       0x48 d:/stm32/cubeide/stm32cubeide_1.9.0/stm32cubeide/plugins/com.st.stm32cube.ide.mcu.externaltools.gnu-tools-for-stm32.10.3-2021.10.win32_1.0.0.202111181127/tools/bin/../lib/gcc/arm-none-eabi/10.3.1/../../../../arm-none-eabi/lib/thumb/v7e-m+dp/hard\libc_nano.a(lib_a-init.o)
                0x000000000800b588                __libc_init_array
 .text.memset   0x000000000800b5d0       0x10 d:/stm32/cubeide/stm32cubeide_1.9.0/stm32cubeide/plugins/com.st.stm32cube.ide.mcu.externaltools.gnu-tools-for-stm32.10.3-2021.10.win32_1.0.0.202111181127/tools/bin/../lib/gcc/arm-none-eabi/10.3.1/../../../../arm-none-eabi/lib/thumb/v7e-m+dp/hard\libc_nano.a(lib_a-memset.o)
                0x000000000800b5d0                memset
 .text._free_r  0x000000000800b5e0       0x98 d:/stm32/cubeide/stm32cubeide_1.9.0/stm32cubeide/plugins/com.st.stm32cube.ide.mcu.externaltools.gnu-tools-for-stm32.10.3-2021.10.win32_1.0.0.202111181127/tools/bin/../lib/gcc/arm-none-eabi/10.3.1/../../../../arm-none-eabi/lib/thumb/v7e-m+dp/hard\libc_nano.a(lib_a-nano-freer.o)
                0x000000000800b5e0                _free_r
 .text.sbrk_aligned
                0x000000000800b678       0x40 d:/stm32/cubeide/stm32cubeide_1.9.0/stm32cubeide/plugins/com.st.stm32cube.ide.mcu.externaltools.gnu-tools-for-stm32.10.3-2021.10.win32_1.0.0.202111181127/tools/bin/../lib/gcc/arm-none-eabi/10.3.1/../../../../arm-none-eabi/lib/thumb/v7e-m+dp/hard\libc_nano.a(lib_a-nano-mallocr.o)
 .text._malloc_r
                0x000000000800b6b8       0xe8 d:/stm32/cubeide/stm32cubeide_1.9.0/stm32cubeide/plugins/com.st.stm32cube.ide.mcu.externaltools.gnu-tools-for-stm32.10.3-2021.10.win32_1.0.0.202111181127/tools/bin/../lib/gcc/arm-none-eabi/10.3.1/../../../../arm-none-eabi/lib/thumb/v7e-m+dp/hard\libc_nano.a(lib_a-nano-mallocr.o)
                0x000000000800b6b8                _malloc_r
 .text._sbrk_r  0x000000000800b7a0       0x20 d:/stm32/cubeide/stm32cubeide_1.9.0/stm32cubeide/plugins/com.st.stm32cube.ide.mcu.externaltools.gnu-tools-for-stm32.10.3-2021.10.win32_1.0.0.202111181127/tools/bin/../lib/gcc/arm-none-eabi/10.3.1/../../../../arm-none-eabi/lib/thumb/v7e-m+dp/hard\libc_nano.a(lib_a-sbrkr.o)
                0x000000000800b7a0                _sbrk_r
 .text.sprintf  0x000000000800b7c0       0x40 d:/stm32/cubeide/stm32cubeide_1.9.0/stm32cubeide/plugins/com.st.stm32cube.ide.mcu.externaltools.gnu-tools-for-stm32.10.3-2021.10.win32_1.0.0.202111181127/tools/bin/../lib/gcc/arm-none-eabi/10.3.1/../../../../arm-none-eabi/lib/thumb/v7e-m+dp/hard\libc_nano.a(lib_a-sprintf.o)
                0x000000000800b7c0                siprintf
                0x000000000800b7c0                sprintf
 .text.__malloc_lock
                0x000000000800b800        0xc d:/stm32/cubeide/stm32cubeide_1.9.0/stm32cubeide/plugins/com.st.stm32cube.ide.mcu.externaltools.gnu-tools-for-stm32.10.3-2021.10.win32_1.0.0.202111181127/tools/bin/../lib/gcc/arm-none-eabi/10.3.1/../../../../arm-none-eabi/lib/thumb/v7e-m+dp/hard\libc_nano.a(lib_a-mlock.o)
                0x000000000800b800                __malloc_lock
 .text.__malloc_unlock
                0x000000000800b80c        0xc d:/stm32/cubeide/stm32cubeide_1.9.0/stm32cubeide/plugins/com.st.stm32cube.ide.mcu.externaltools.gnu-tools-for-stm32.10.3-2021.10.win32_1.0.0.202111181127/tools/bin/../lib/gcc/arm-none-eabi/10.3.1/../../../../arm-none-eabi/lib/thumb/v7e-m+dp/hard\libc_nano.a(lib_a-mlock.o)
                0x000000000800b80c                __malloc_unlock
 .text.__ssputs_r
                0x000000000800b818       0xb6 d:/stm32/cubeide/stm32cubeide_1.9.0/stm32cubeide/plugins/com.st.stm32cube.ide.mcu.externaltools.gnu-tools-for-stm32.10.3-2021.10.win32_1.0.0.202111181127/tools/bin/../lib/gcc/arm-none-eabi/10.3.1/../../../../arm-none-eabi/lib/thumb/v7e-m+dp/hard\libc_nano.a(lib_a-nano-svfprintf.o)
                0x000000000800b818                __ssputs_r
 *fill*         0x000000000800b8ce        0x2 
 .text._svfprintf_r
                0x000000000800b8d0      0x200 d:/stm32/cubeide/stm32cubeide_1.9.0/stm32cubeide/plugins/com.st.stm32cube.ide.mcu.externaltools.gnu-tools-for-stm32.10.3-2021.10.win32_1.0.0.202111181127/tools/bin/../lib/gcc/arm-none-eabi/10.3.1/../../../../arm-none-eabi/lib/thumb/v7e-m+dp/hard\libc_nano.a(lib_a-nano-svfprintf.o)
                0x000000000800b8d0                _svfiprintf_r
                0x000000000800b8d0                _svfprintf_r
 .text._printf_common
                0x000000000800bad0       0xda d:/stm32/cubeide/stm32cubeide_1.9.0/stm32cubeide/plugins/com.st.stm32cube.ide.mcu.externaltools.gnu-tools-for-stm32.10.3-2021.10.win32_1.0.0.202111181127/tools/bin/../lib/gcc/arm-none-eabi/10.3.1/../../../../arm-none-eabi/lib/thumb/v7e-m+dp/hard\libc_nano.a(lib_a-nano-vfprintf_i.o)
                0x000000000800bad0                _printf_common
 *fill*         0x000000000800bbaa        0x2 
 .text._printf_i
                0x000000000800bbac      0x24c d:/stm32/cubeide/stm32cubeide_1.9.0/stm32cubeide/plugins/com.st.stm32cube.ide.mcu.externaltools.gnu-tools-for-stm32.10.3-2021.10.win32_1.0.0.202111181127/tools/bin/../lib/gcc/arm-none-eabi/10.3.1/../../../../arm-none-eabi/lib/thumb/v7e-m+dp/hard\libc_nano.a(lib_a-nano-vfprintf_i.o)
                0x000000000800bbac                _printf_i
 .text.__retarget_lock_acquire_recursive
                0x000000000800bdf8        0x2 d:/stm32/cubeide/stm32cubeide_1.9.0/stm32cubeide/plugins/com.st.stm32cube.ide.mcu.externaltools.gnu-tools-for-stm32.10.3-2021.10.win32_1.0.0.202111181127/tools/bin/../lib/gcc/arm-none-eabi/10.3.1/../../../../arm-none-eabi/lib/thumb/v7e-m+dp/hard\libc_nano.a(lib_a-lock.o)
                0x000000000800bdf8                __retarget_lock_acquire_recursive
 .text.__retarget_lock_release_recursive
                0x000000000800bdfa        0x2 d:/stm32/cubeide/stm32cubeide_1.9.0/stm32cubeide/plugins/com.st.stm32cube.ide.mcu.externaltools.gnu-tools-for-stm32.10.3-2021.10.win32_1.0.0.202111181127/tools/bin/../lib/gcc/arm-none-eabi/10.3.1/../../../../arm-none-eabi/lib/thumb/v7e-m+dp/hard\libc_nano.a(lib_a-lock.o)
                0x000000000800bdfa                __retarget_lock_release_recursive
 .text.memcpy   0x000000000800bdfc       0x1c d:/stm32/cubeide/stm32cubeide_1.9.0/stm32cubeide/plugins/com.st.stm32cube.ide.mcu.externaltools.gnu-tools-for-stm32.10.3-2021.10.win32_1.0.0.202111181127/tools/bin/../lib/gcc/arm-none-eabi/10.3.1/../../../../arm-none-eabi/lib/thumb/v7e-m+dp/hard\libc_nano.a(lib_a-memcpy-stub.o)
                0x000000000800bdfc                memcpy
 .text.memmove  0x000000000800be18       0x34 d:/stm32/cubeide/stm32cubeide_1.9.0/stm32cubeide/plugins/com.st.stm32cube.ide.mcu.externaltools.gnu-tools-for-stm32.10.3-2021.10.win32_1.0.0.202111181127/tools/bin/../lib/gcc/arm-none-eabi/10.3.1/../../../../arm-none-eabi/lib/thumb/v7e-m+dp/hard\libc_nano.a(lib_a-memmove.o)
                0x000000000800be18                memmove
 .text._realloc_r
                0x000000000800be4c       0x5e d:/stm32/cubeide/stm32cubeide_1.9.0/stm32cubeide/plugins/com.st.stm32cube.ide.mcu.externaltools.gnu-tools-for-stm32.10.3-2021.10.win32_1.0.0.202111181127/tools/bin/../lib/gcc/arm-none-eabi/10.3.1/../../../../arm-none-eabi/lib/thumb/v7e-m+dp/hard\libc_nano.a(lib_a-nano-reallocr.o)
                0x000000000800be4c                _realloc_r
 .text._malloc_usable_size_r
                0x000000000800beaa       0x10 d:/stm32/cubeide/stm32cubeide_1.9.0/stm32cubeide/plugins/com.st.stm32cube.ide.mcu.externaltools.gnu-tools-for-stm32.10.3-2021.10.win32_1.0.0.202111181127/tools/bin/../lib/gcc/arm-none-eabi/10.3.1/../../../../arm-none-eabi/lib/thumb/v7e-m+dp/hard\libc_nano.a(lib_a-nano-msizer.o)
                0x000000000800beaa                _malloc_usable_size_r
 *(.glue_7)
 .glue_7        0x000000000800beba        0x0 linker stubs
 *(.glue_7t)
 .glue_7t       0x000000000800beba        0x0 linker stubs
 *(.eh_frame)
 *fill*         0x000000000800beba        0x2 
 .eh_frame      0x000000000800bebc        0x0 d:/stm32/cubeide/stm32cubeide_1.9.0/stm32cubeide/plugins/com.st.stm32cube.ide.mcu.externaltools.gnu-tools-for-stm32.10.3-2021.10.win32_1.0.0.202111181127/tools/bin/../lib/gcc/arm-none-eabi/10.3.1/thumb/v7e-m+dp/hard/crtbegin.o
 *(.init)
 .init          0x000000000800bebc        0x4 d:/stm32/cubeide/stm32cubeide_1.9.0/stm32cubeide/plugins/com.st.stm32cube.ide.mcu.externaltools.gnu-tools-for-stm32.10.3-2021.10.win32_1.0.0.202111181127/tools/bin/../lib/gcc/arm-none-eabi/10.3.1/thumb/v7e-m+dp/hard/crti.o
                0x000000000800bebc                _init
 .init          0x000000000800bec0        0x8 d:/stm32/cubeide/stm32cubeide_1.9.0/stm32cubeide/plugins/com.st.stm32cube.ide.mcu.externaltools.gnu-tools-for-stm32.10.3-2021.10.win32_1.0.0.202111181127/tools/bin/../lib/gcc/arm-none-eabi/10.3.1/thumb/v7e-m+dp/hard/crtn.o
 *(.fini)
 .fini          0x000000000800bec8        0x4 d:/stm32/cubeide/stm32cubeide_1.9.0/stm32cubeide/plugins/com.st.stm32cube.ide.mcu.externaltools.gnu-tools-for-stm32.10.3-2021.10.win32_1.0.0.202111181127/tools/bin/../lib/gcc/arm-none-eabi/10.3.1/thumb/v7e-m+dp/hard/crti.o
                0x000000000800bec8                _fini
 .fini          0x000000000800becc        0x8 d:/stm32/cubeide/stm32cubeide_1.9.0/stm32cubeide/plugins/com.st.stm32cube.ide.mcu.externaltools.gnu-tools-for-stm32.10.3-2021.10.win32_1.0.0.202111181127/tools/bin/../lib/gcc/arm-none-eabi/10.3.1/thumb/v7e-m+dp/hard/crtn.o
                0x000000000800bed4                . = ALIGN (0x4)
                0x000000000800bed4                _etext = .

.vfp11_veneer   0x000000000800bed4        0x0
 .vfp11_veneer  0x000000000800bed4        0x0 linker stubs

.v4_bx          0x000000000800bed4        0x0
 .v4_bx         0x000000000800bed4        0x0 linker stubs

.iplt           0x000000000800bed4        0x0
 .iplt          0x000000000800bed4        0x0 d:/stm32/cubeide/stm32cubeide_1.9.0/stm32cubeide/plugins/com.st.stm32cube.ide.mcu.externaltools.gnu-tools-for-stm32.10.3-2021.10.win32_1.0.0.202111181127/tools/bin/../lib/gcc/arm-none-eabi/10.3.1/thumb/v7e-m+dp/hard/crtbegin.o

.rodata         0x000000000800bed4     0x169c
                0x000000000800bed4                . = ALIGN (0x4)
 *(.rodata)
 .rodata        0x000000000800bed4       0xe5 ./Common/Src/FRA421_Yugioh.o
 *(.rodata*)
 *fill*         0x000000000800bfb9        0x3 
 .rodata.D1CorePrescTable
                0x000000000800bfbc       0x10 ./Common/Src/system_stm32h7xx_dualcore_boot_cm4_cm7.o
                0x000000000800bfbc                D1CorePrescTable
 .rodata.Font7x10
                0x000000000800bfcc      0x76c ./Core/Src/fonts.o
 .rodata.Font11x18
                0x000000000800c738      0xd5c ./Core/Src/fonts.o
 .rodata.init_cmds1
                0x000000000800d494       0x3b ./Core/Src/st7735.o
 *fill*         0x000000000800d4cf        0x1 
 .rodata.init_cmds2
                0x000000000800d4d0        0xd ./Core/Src/st7735.o
 *fill*         0x000000000800d4dd        0x3 
 .rodata.init_cmds3
                0x000000000800d4e0       0x2b ./Core/Src/st7735.o
 *fill*         0x000000000800d50b        0x1 
 .rodata.flagBitshiftOffset.0
                0x000000000800d50c        0x8 ./Drivers/STM32H7xx_HAL_Driver/stm32h7xx_hal_dma.o
 .rodata.UARTPrescTable
                0x000000000800d514       0x18 ./Drivers/STM32H7xx_HAL_Driver/stm32h7xx_hal_uart.o
                0x000000000800d514                UARTPrescTable
 .rodata.numerator.1
                0x000000000800d52c        0x8 ./Drivers/STM32H7xx_HAL_Driver/stm32h7xx_hal_uart_ex.o
 .rodata.denominator.0
                0x000000000800d534        0x8 ./Drivers/STM32H7xx_HAL_Driver/stm32h7xx_hal_uart_ex.o
 .rodata._svfprintf_r.str1.1
                0x000000000800d53c       0x11 d:/stm32/cubeide/stm32cubeide_1.9.0/stm32cubeide/plugins/com.st.stm32cube.ide.mcu.externaltools.gnu-tools-for-stm32.10.3-2021.10.win32_1.0.0.202111181127/tools/bin/../lib/gcc/arm-none-eabi/10.3.1/../../../../arm-none-eabi/lib/thumb/v7e-m+dp/hard\libc_nano.a(lib_a-nano-svfprintf.o)
 .rodata._printf_i.str1.1
                0x000000000800d54d       0x22 d:/stm32/cubeide/stm32cubeide_1.9.0/stm32cubeide/plugins/com.st.stm32cube.ide.mcu.externaltools.gnu-tools-for-stm32.10.3-2021.10.win32_1.0.0.202111181127/tools/bin/../lib/gcc/arm-none-eabi/10.3.1/../../../../arm-none-eabi/lib/thumb/v7e-m+dp/hard\libc_nano.a(lib_a-nano-vfprintf_i.o)
                0x000000000800d570                . = ALIGN (0x4)
 *fill*         0x000000000800d56f        0x1 

.ARM.extab      0x000000000800d570        0x0
                0x000000000800d570                . = ALIGN (0x4)
 *(.ARM.extab* .gnu.linkonce.armextab.*)
                0x000000000800d570                . = ALIGN (0x4)

.ARM            0x000000000800d570        0x8
                0x000000000800d570                . = ALIGN (0x4)
                0x000000000800d570                __exidx_start = .
 *(.ARM.exidx*)
 .ARM.exidx     0x000000000800d570        0x8 d:/stm32/cubeide/stm32cubeide_1.9.0/stm32cubeide/plugins/com.st.stm32cube.ide.mcu.externaltools.gnu-tools-for-stm32.10.3-2021.10.win32_1.0.0.202111181127/tools/bin/../lib/gcc/arm-none-eabi/10.3.1/thumb/v7e-m+dp/hard\libgcc.a(_udivmoddi4.o)
                0x000000000800d578                __exidx_end = .
                0x000000000800d578                . = ALIGN (0x4)

.rel.dyn        0x000000000800d578        0x0
 .rel.iplt      0x000000000800d578        0x0 d:/stm32/cubeide/stm32cubeide_1.9.0/stm32cubeide/plugins/com.st.stm32cube.ide.mcu.externaltools.gnu-tools-for-stm32.10.3-2021.10.win32_1.0.0.202111181127/tools/bin/../lib/gcc/arm-none-eabi/10.3.1/thumb/v7e-m+dp/hard/crtbegin.o

.preinit_array  0x000000000800d578        0x0
                0x000000000800d578                . = ALIGN (0x4)
                0x000000000800d578                PROVIDE (__preinit_array_start = .)
 *(.preinit_array*)
                0x000000000800d578                PROVIDE (__preinit_array_end = .)
                0x000000000800d578                . = ALIGN (0x4)

.init_array     0x000000000800d578        0x4
                0x000000000800d578                . = ALIGN (0x4)
                0x000000000800d578                PROVIDE (__init_array_start = .)
 *(SORT_BY_NAME(.init_array.*))
 *(.init_array*)
 .init_array    0x000000000800d578        0x4 d:/stm32/cubeide/stm32cubeide_1.9.0/stm32cubeide/plugins/com.st.stm32cube.ide.mcu.externaltools.gnu-tools-for-stm32.10.3-2021.10.win32_1.0.0.202111181127/tools/bin/../lib/gcc/arm-none-eabi/10.3.1/thumb/v7e-m+dp/hard/crtbegin.o
                0x000000000800d57c                PROVIDE (__init_array_end = .)
                0x000000000800d57c                . = ALIGN (0x4)

.fini_array     0x000000000800d57c        0x4
                0x000000000800d57c                . = ALIGN (0x4)
                [!provide]                        PROVIDE (__fini_array_start = .)
 *(SORT_BY_NAME(.fini_array.*))
 *(.fini_array*)
 .fini_array    0x000000000800d57c        0x4 d:/stm32/cubeide/stm32cubeide_1.9.0/stm32cubeide/plugins/com.st.stm32cube.ide.mcu.externaltools.gnu-tools-for-stm32.10.3-2021.10.win32_1.0.0.202111181127/tools/bin/../lib/gcc/arm-none-eabi/10.3.1/thumb/v7e-m+dp/hard/crtbegin.o
                [!provide]                        PROVIDE (__fini_array_end = .)
                0x000000000800d580                . = ALIGN (0x4)
                0x000000000800d580                _sidata = LOADADDR (.data)

.data           0x0000000024000000       0x84 load address 0x000000000800d580
                0x0000000024000000                . = ALIGN (0x4)
                0x0000000024000000                _sdata = .
 *(.data)
 *(.data*)
 .data.SystemCoreClock
                0x0000000024000000        0x4 ./Common/Src/system_stm32h7xx_dualcore_boot_cm4_cm7.o
                0x0000000024000000                SystemCoreClock
 .data.SystemD2Clock
                0x0000000024000004        0x4 ./Common/Src/system_stm32h7xx_dualcore_boot_cm4_cm7.o
                0x0000000024000004                SystemD2Clock
 .data.Font_7x10
                0x0000000024000008        0x8 ./Core/Src/fonts.o
                0x0000000024000008                Font_7x10
 .data.Font_11x18
                0x0000000024000010        0x8 ./Core/Src/fonts.o
                0x0000000024000010                Font_11x18
 .data.uwTickPrio
                0x0000000024000018        0x4 ./Drivers/STM32H7xx_HAL_Driver/stm32h7xx_hal.o
                0x0000000024000018                uwTickPrio
 .data.uwTickFreq
                0x000000002400001c        0x1 ./Drivers/STM32H7xx_HAL_Driver/stm32h7xx_hal.o
                0x000000002400001c                uwTickFreq
 *fill*         0x000000002400001d        0x3 
 .data._impure_ptr
                0x0000000024000020        0x4 d:/stm32/cubeide/stm32cubeide_1.9.0/stm32cubeide/plugins/com.st.stm32cube.ide.mcu.externaltools.gnu-tools-for-stm32.10.3-2021.10.win32_1.0.0.202111181127/tools/bin/../lib/gcc/arm-none-eabi/10.3.1/../../../../arm-none-eabi/lib/thumb/v7e-m+dp/hard\libc_nano.a(lib_a-impure.o)
                0x0000000024000020                _impure_ptr
 .data.impure_data
                0x0000000024000024       0x60 d:/stm32/cubeide/stm32cubeide_1.9.0/stm32cubeide/plugins/com.st.stm32cube.ide.mcu.externaltools.gnu-tools-for-stm32.10.3-2021.10.win32_1.0.0.202111181127/tools/bin/../lib/gcc/arm-none-eabi/10.3.1/../../../../arm-none-eabi/lib/thumb/v7e-m+dp/hard\libc_nano.a(lib_a-impure.o)
 *(.RamFunc)
 *(.RamFunc*)
                0x0000000024000084                . = ALIGN (0x4)
                0x0000000024000084                _edata = .

.igot.plt       0x0000000024000084        0x0 load address 0x000000000800d604
 .igot.plt      0x0000000024000084        0x0 d:/stm32/cubeide/stm32cubeide_1.9.0/stm32cubeide/plugins/com.st.stm32cube.ide.mcu.externaltools.gnu-tools-for-stm32.10.3-2021.10.win32_1.0.0.202111181127/tools/bin/../lib/gcc/arm-none-eabi/10.3.1/thumb/v7e-m+dp/hard/crtbegin.o

.RxDecripSection
                0x0000000024000084       0x60 load address 0x000000000800d604
 .RxDecripSection
                0x0000000024000084       0x60 ./Core/Src/main.o
                0x0000000024000084                DMARxDscrTab

.TxDecripSection
                0x00000000240000e4       0x60 load address 0x000000000800d664
 .TxDecripSection
                0x00000000240000e4       0x60 ./Core/Src/main.o
                0x00000000240000e4                DMATxDscrTab
                0x0000000024000144                . = ALIGN (0x4)

.bss            0x0000000024000144      0xb78 load address 0x000000000800d6c4
                0x0000000024000144                _sbss = .
                0x0000000024000144                __bss_start__ = _sbss
 *(.bss)
 .bss           0x0000000024000144       0x1c d:/stm32/cubeide/stm32cubeide_1.9.0/stm32cubeide/plugins/com.st.stm32cube.ide.mcu.externaltools.gnu-tools-for-stm32.10.3-2021.10.win32_1.0.0.202111181127/tools/bin/../lib/gcc/arm-none-eabi/10.3.1/thumb/v7e-m+dp/hard/crtbegin.o
 *(.bss*)
 .bss.C_LP1     0x0000000024000160        0x4 ./Common/Src/FRA421_Yugioh.o
                0x0000000024000160                C_LP1
 .bss.C_LP2     0x0000000024000164        0x4 ./Common/Src/FRA421_Yugioh.o
                0x0000000024000164                C_LP2
 .bss.TxConfig  0x0000000024000168       0x38 ./Core/Src/main.o
                0x0000000024000168                TxConfig
 .bss.heth      0x00000000240001a0       0xb0 ./Core/Src/main.o
                0x00000000240001a0                heth
 .bss.hspi3     0x0000000024000250       0x88 ./Core/Src/main.o
                0x0000000024000250                hspi3
 .bss.huart3    0x00000000240002d8       0x90 ./Core/Src/main.o
                0x00000000240002d8                huart3
 .bss.hdma_usart3_rx
                0x0000000024000368       0x78 ./Core/Src/main.o
                0x0000000024000368                hdma_usart3_rx
 .bss.hdma_usart3_tx
                0x00000000240003e0       0x78 ./Core/Src/main.o
                0x00000000240003e0                hdma_usart3_tx
 .bss.hpcd_USB_OTG_FS
                0x0000000024000458      0x50c ./Core/Src/main.o
                0x0000000024000458                hpcd_USB_OTG_FS
 .bss.StateMain
                0x0000000024000964      0x334 ./Core/Src/main.o
                0x0000000024000964                StateMain
 .bss.timemsM7_LED
                0x0000000024000c98        0x4 ./Core/Src/main.o
                0x0000000024000c98                timemsM7_LED
 .bss.MACAddr.0
                0x0000000024000c9c        0x6 ./Core/Src/main.o
 *fill*         0x0000000024000ca2        0x2 
 .bss.__sbrk_heap_end
                0x0000000024000ca4        0x4 ./Core/Src/sysmem.o
 .bss.uwTick    0x0000000024000ca8        0x4 ./Drivers/STM32H7xx_HAL_Driver/stm32h7xx_hal.o
                0x0000000024000ca8                uwTick
 .bss.__malloc_free_list
                0x0000000024000cac        0x4 d:/stm32/cubeide/stm32cubeide_1.9.0/stm32cubeide/plugins/com.st.stm32cube.ide.mcu.externaltools.gnu-tools-for-stm32.10.3-2021.10.win32_1.0.0.202111181127/tools/bin/../lib/gcc/arm-none-eabi/10.3.1/../../../../arm-none-eabi/lib/thumb/v7e-m+dp/hard\libc_nano.a(lib_a-nano-mallocr.o)
                0x0000000024000cac                __malloc_free_list
 .bss.__malloc_sbrk_start
                0x0000000024000cb0        0x4 d:/stm32/cubeide/stm32cubeide_1.9.0/stm32cubeide/plugins/com.st.stm32cube.ide.mcu.externaltools.gnu-tools-for-stm32.10.3-2021.10.win32_1.0.0.202111181127/tools/bin/../lib/gcc/arm-none-eabi/10.3.1/../../../../arm-none-eabi/lib/thumb/v7e-m+dp/hard\libc_nano.a(lib_a-nano-mallocr.o)
                0x0000000024000cb0                __malloc_sbrk_start
 .bss.errno     0x0000000024000cb4        0x4 d:/stm32/cubeide/stm32cubeide_1.9.0/stm32cubeide/plugins/com.st.stm32cube.ide.mcu.externaltools.gnu-tools-for-stm32.10.3-2021.10.win32_1.0.0.202111181127/tools/bin/../lib/gcc/arm-none-eabi/10.3.1/../../../../arm-none-eabi/lib/thumb/v7e-m+dp/hard\libc_nano.a(lib_a-reent.o)
                0x0000000024000cb4                errno
 .bss.__lock___malloc_recursive_mutex
                0x0000000024000cb8        0x1 d:/stm32/cubeide/stm32cubeide_1.9.0/stm32cubeide/plugins/com.st.stm32cube.ide.mcu.externaltools.gnu-tools-for-stm32.10.3-2021.10.win32_1.0.0.202111181127/tools/bin/../lib/gcc/arm-none-eabi/10.3.1/../../../../arm-none-eabi/lib/thumb/v7e-m+dp/hard\libc_nano.a(lib_a-lock.o)
                0x0000000024000cb8                __lock___malloc_recursive_mutex
 *(COMMON)
                0x0000000024000cbc                . = ALIGN (0x4)
 *fill*         0x0000000024000cb9        0x3 
                0x0000000024000cbc                _ebss = .
                0x0000000024000cbc                __bss_end__ = _ebss

._user_heap_stack
                0x0000000024000cbc      0x604 load address 0x000000000800d6c4
                0x0000000024000cc0                . = ALIGN (0x8)
 *fill*         0x0000000024000cbc        0x4 
                [!provide]                        PROVIDE (end = .)
                0x0000000024000cc0                PROVIDE (_end = .)
                0x0000000024000ec0                . = (. + _Min_Heap_Size)
 *fill*         0x0000000024000cc0      0x200 
                0x00000000240012c0                . = (. + _Min_Stack_Size)
 *fill*         0x0000000024000ec0      0x400 
                0x00000000240012c0                . = ALIGN (0x8)

/DISCARD/
 libc.a(*)
 libm.a(*)
 libgcc.a(*)

.ARM.attributes
                0x0000000000000000       0x2e
 *(.ARM.attributes)
 .ARM.attributes
                0x0000000000000000       0x1e d:/stm32/cubeide/stm32cubeide_1.9.0/stm32cubeide/plugins/com.st.stm32cube.ide.mcu.externaltools.gnu-tools-for-stm32.10.3-2021.10.win32_1.0.0.202111181127/tools/bin/../lib/gcc/arm-none-eabi/10.3.1/thumb/v7e-m+dp/hard/crti.o
 .ARM.attributes
                0x000000000000001e       0x32 d:/stm32/cubeide/stm32cubeide_1.9.0/stm32cubeide/plugins/com.st.stm32cube.ide.mcu.externaltools.gnu-tools-for-stm32.10.3-2021.10.win32_1.0.0.202111181127/tools/bin/../lib/gcc/arm-none-eabi/10.3.1/thumb/v7e-m+dp/hard/crtbegin.o
 .ARM.attributes
                0x0000000000000050       0x32 ./Common/Src/FRA421_Yugioh.o
 .ARM.attributes
                0x0000000000000082       0x32 ./Common/Src/system_stm32h7xx_dualcore_boot_cm4_cm7.o
 .ARM.attributes
                0x00000000000000b4       0x32 ./Core/Src/fonts.o
 .ARM.attributes
                0x00000000000000e6       0x32 ./Core/Src/main.o
 .ARM.attributes
                0x0000000000000118       0x32 ./Core/Src/st7735.o
 .ARM.attributes
                0x000000000000014a       0x32 ./Core/Src/stm32h7xx_hal_msp.o
 .ARM.attributes
                0x000000000000017c       0x32 ./Core/Src/stm32h7xx_it.o
 .ARM.attributes
                0x00000000000001ae       0x32 ./Core/Src/sysmem.o
 .ARM.attributes
                0x00000000000001e0       0x21 ./Core/Startup/startup_stm32h745zitx.o
 .ARM.attributes
                0x0000000000000201       0x32 ./Drivers/STM32H7xx_HAL_Driver/stm32h7xx_hal.o
 .ARM.attributes
                0x0000000000000233       0x32 ./Drivers/STM32H7xx_HAL_Driver/stm32h7xx_hal_cortex.o
 .ARM.attributes
                0x0000000000000265       0x32 ./Drivers/STM32H7xx_HAL_Driver/stm32h7xx_hal_dma.o
 .ARM.attributes
                0x0000000000000297       0x32 ./Drivers/STM32H7xx_HAL_Driver/stm32h7xx_hal_eth.o
 .ARM.attributes
                0x00000000000002c9       0x32 ./Drivers/STM32H7xx_HAL_Driver/stm32h7xx_hal_gpio.o
 .ARM.attributes
                0x00000000000002fb       0x32 ./Drivers/STM32H7xx_HAL_Driver/stm32h7xx_hal_hsem.o
 .ARM.attributes
                0x000000000000032d       0x32 ./Drivers/STM32H7xx_HAL_Driver/stm32h7xx_hal_pcd.o
 .ARM.attributes
                0x000000000000035f       0x32 ./Drivers/STM32H7xx_HAL_Driver/stm32h7xx_hal_pcd_ex.o
 .ARM.attributes
                0x0000000000000391       0x32 ./Drivers/STM32H7xx_HAL_Driver/stm32h7xx_hal_pwr_ex.o
 .ARM.attributes
                0x00000000000003c3       0x32 ./Drivers/STM32H7xx_HAL_Driver/stm32h7xx_hal_rcc.o
 .ARM.attributes
                0x00000000000003f5       0x32 ./Drivers/STM32H7xx_HAL_Driver/stm32h7xx_hal_rcc_ex.o
 .ARM.attributes
                0x0000000000000427       0x32 ./Drivers/STM32H7xx_HAL_Driver/stm32h7xx_hal_spi.o
 .ARM.attributes
                0x0000000000000459       0x32 ./Drivers/STM32H7xx_HAL_Driver/stm32h7xx_hal_uart.o
 .ARM.attributes
                0x000000000000048b       0x32 ./Drivers/STM32H7xx_HAL_Driver/stm32h7xx_hal_uart_ex.o
 .ARM.attributes
                0x00000000000004bd       0x32 ./Drivers/STM32H7xx_HAL_Driver/stm32h7xx_ll_usb.o
 .ARM.attributes
                0x00000000000004ef       0x32 d:/stm32/cubeide/stm32cubeide_1.9.0/stm32cubeide/plugins/com.st.stm32cube.ide.mcu.externaltools.gnu-tools-for-stm32.10.3-2021.10.win32_1.0.0.202111181127/tools/bin/../lib/gcc/arm-none-eabi/10.3.1/../../../../arm-none-eabi/lib/thumb/v7e-m+dp/hard\libc_nano.a(lib_a-errno.o)
 .ARM.attributes
                0x0000000000000521       0x32 d:/stm32/cubeide/stm32cubeide_1.9.0/stm32cubeide/plugins/com.st.stm32cube.ide.mcu.externaltools.gnu-tools-for-stm32.10.3-2021.10.win32_1.0.0.202111181127/tools/bin/../lib/gcc/arm-none-eabi/10.3.1/../../../../arm-none-eabi/lib/thumb/v7e-m+dp/hard\libc_nano.a(lib_a-impure.o)
 .ARM.attributes
                0x0000000000000553       0x32 d:/stm32/cubeide/stm32cubeide_1.9.0/stm32cubeide/plugins/com.st.stm32cube.ide.mcu.externaltools.gnu-tools-for-stm32.10.3-2021.10.win32_1.0.0.202111181127/tools/bin/../lib/gcc/arm-none-eabi/10.3.1/../../../../arm-none-eabi/lib/thumb/v7e-m+dp/hard\libc_nano.a(lib_a-init.o)
 .ARM.attributes
                0x0000000000000585       0x32 d:/stm32/cubeide/stm32cubeide_1.9.0/stm32cubeide/plugins/com.st.stm32cube.ide.mcu.externaltools.gnu-tools-for-stm32.10.3-2021.10.win32_1.0.0.202111181127/tools/bin/../lib/gcc/arm-none-eabi/10.3.1/../../../../arm-none-eabi/lib/thumb/v7e-m+dp/hard\libc_nano.a(lib_a-memset.o)
 .ARM.attributes
                0x00000000000005b7       0x32 d:/stm32/cubeide/stm32cubeide_1.9.0/stm32cubeide/plugins/com.st.stm32cube.ide.mcu.externaltools.gnu-tools-for-stm32.10.3-2021.10.win32_1.0.0.202111181127/tools/bin/../lib/gcc/arm-none-eabi/10.3.1/../../../../arm-none-eabi/lib/thumb/v7e-m+dp/hard\libc_nano.a(lib_a-nano-freer.o)
 .ARM.attributes
                0x00000000000005e9       0x32 d:/stm32/cubeide/stm32cubeide_1.9.0/stm32cubeide/plugins/com.st.stm32cube.ide.mcu.externaltools.gnu-tools-for-stm32.10.3-2021.10.win32_1.0.0.202111181127/tools/bin/../lib/gcc/arm-none-eabi/10.3.1/../../../../arm-none-eabi/lib/thumb/v7e-m+dp/hard\libc_nano.a(lib_a-nano-mallocr.o)
 .ARM.attributes
                0x000000000000061b       0x32 d:/stm32/cubeide/stm32cubeide_1.9.0/stm32cubeide/plugins/com.st.stm32cube.ide.mcu.externaltools.gnu-tools-for-stm32.10.3-2021.10.win32_1.0.0.202111181127/tools/bin/../lib/gcc/arm-none-eabi/10.3.1/../../../../arm-none-eabi/lib/thumb/v7e-m+dp/hard\libc_nano.a(lib_a-sbrkr.o)
 .ARM.attributes
                0x000000000000064d       0x32 d:/stm32/cubeide/stm32cubeide_1.9.0/stm32cubeide/plugins/com.st.stm32cube.ide.mcu.externaltools.gnu-tools-for-stm32.10.3-2021.10.win32_1.0.0.202111181127/tools/bin/../lib/gcc/arm-none-eabi/10.3.1/../../../../arm-none-eabi/lib/thumb/v7e-m+dp/hard\libc_nano.a(lib_a-sprintf.o)
 .ARM.attributes
                0x000000000000067f       0x32 d:/stm32/cubeide/stm32cubeide_1.9.0/stm32cubeide/plugins/com.st.stm32cube.ide.mcu.externaltools.gnu-tools-for-stm32.10.3-2021.10.win32_1.0.0.202111181127/tools/bin/../lib/gcc/arm-none-eabi/10.3.1/../../../../arm-none-eabi/lib/thumb/v7e-m+dp/hard\libc_nano.a(lib_a-mlock.o)
 .ARM.attributes
                0x00000000000006b1       0x32 d:/stm32/cubeide/stm32cubeide_1.9.0/stm32cubeide/plugins/com.st.stm32cube.ide.mcu.externaltools.gnu-tools-for-stm32.10.3-2021.10.win32_1.0.0.202111181127/tools/bin/../lib/gcc/arm-none-eabi/10.3.1/../../../../arm-none-eabi/lib/thumb/v7e-m+dp/hard\libc_nano.a(lib_a-nano-svfprintf.o)
 .ARM.attributes
                0x00000000000006e3       0x32 d:/stm32/cubeide/stm32cubeide_1.9.0/stm32cubeide/plugins/com.st.stm32cube.ide.mcu.externaltools.gnu-tools-for-stm32.10.3-2021.10.win32_1.0.0.202111181127/tools/bin/../lib/gcc/arm-none-eabi/10.3.1/../../../../arm-none-eabi/lib/thumb/v7e-m+dp/hard\libc_nano.a(lib_a-nano-vfprintf_i.o)
 .ARM.attributes
                0x0000000000000715       0x32 d:/stm32/cubeide/stm32cubeide_1.9.0/stm32cubeide/plugins/com.st.stm32cube.ide.mcu.externaltools.gnu-tools-for-stm32.10.3-2021.10.win32_1.0.0.202111181127/tools/bin/../lib/gcc/arm-none-eabi/10.3.1/../../../../arm-none-eabi/lib/thumb/v7e-m+dp/hard\libc_nano.a(lib_a-reent.o)
 .ARM.attributes
                0x0000000000000747       0x32 d:/stm32/cubeide/stm32cubeide_1.9.0/stm32cubeide/plugins/com.st.stm32cube.ide.mcu.externaltools.gnu-tools-for-stm32.10.3-2021.10.win32_1.0.0.202111181127/tools/bin/../lib/gcc/arm-none-eabi/10.3.1/../../../../arm-none-eabi/lib/thumb/v7e-m+dp/hard\libc_nano.a(lib_a-lock.o)
 .ARM.attributes
                0x0000000000000779       0x1c d:/stm32/cubeide/stm32cubeide_1.9.0/stm32cubeide/plugins/com.st.stm32cube.ide.mcu.externaltools.gnu-tools-for-stm32.10.3-2021.10.win32_1.0.0.202111181127/tools/bin/../lib/gcc/arm-none-eabi/10.3.1/../../../../arm-none-eabi/lib/thumb/v7e-m+dp/hard\libc_nano.a(lib_a-memchr.o)
 .ARM.attributes
                0x0000000000000795       0x32 d:/stm32/cubeide/stm32cubeide_1.9.0/stm32cubeide/plugins/com.st.stm32cube.ide.mcu.externaltools.gnu-tools-for-stm32.10.3-2021.10.win32_1.0.0.202111181127/tools/bin/../lib/gcc/arm-none-eabi/10.3.1/../../../../arm-none-eabi/lib/thumb/v7e-m+dp/hard\libc_nano.a(lib_a-memcpy-stub.o)
 .ARM.attributes
                0x00000000000007c7       0x32 d:/stm32/cubeide/stm32cubeide_1.9.0/stm32cubeide/plugins/com.st.stm32cube.ide.mcu.externaltools.gnu-tools-for-stm32.10.3-2021.10.win32_1.0.0.202111181127/tools/bin/../lib/gcc/arm-none-eabi/10.3.1/../../../../arm-none-eabi/lib/thumb/v7e-m+dp/hard\libc_nano.a(lib_a-memmove.o)
 .ARM.attributes
                0x00000000000007f9       0x32 d:/stm32/cubeide/stm32cubeide_1.9.0/stm32cubeide/plugins/com.st.stm32cube.ide.mcu.externaltools.gnu-tools-for-stm32.10.3-2021.10.win32_1.0.0.202111181127/tools/bin/../lib/gcc/arm-none-eabi/10.3.1/../../../../arm-none-eabi/lib/thumb/v7e-m+dp/hard\libc_nano.a(lib_a-nano-reallocr.o)
 .ARM.attributes
                0x000000000000082b       0x32 d:/stm32/cubeide/stm32cubeide_1.9.0/stm32cubeide/plugins/com.st.stm32cube.ide.mcu.externaltools.gnu-tools-for-stm32.10.3-2021.10.win32_1.0.0.202111181127/tools/bin/../lib/gcc/arm-none-eabi/10.3.1/../../../../arm-none-eabi/lib/thumb/v7e-m+dp/hard\libc_nano.a(lib_a-nano-msizer.o)
 .ARM.attributes
                0x000000000000085d       0x1e d:/stm32/cubeide/stm32cubeide_1.9.0/stm32cubeide/plugins/com.st.stm32cube.ide.mcu.externaltools.gnu-tools-for-stm32.10.3-2021.10.win32_1.0.0.202111181127/tools/bin/../lib/gcc/arm-none-eabi/10.3.1/thumb/v7e-m+dp/hard\libgcc.a(_aeabi_uldivmod.o)
 .ARM.attributes
                0x000000000000087b       0x32 d:/stm32/cubeide/stm32cubeide_1.9.0/stm32cubeide/plugins/com.st.stm32cube.ide.mcu.externaltools.gnu-tools-for-stm32.10.3-2021.10.win32_1.0.0.202111181127/tools/bin/../lib/gcc/arm-none-eabi/10.3.1/thumb/v7e-m+dp/hard\libgcc.a(_udivmoddi4.o)
 .ARM.attributes
                0x00000000000008ad       0x1e d:/stm32/cubeide/stm32cubeide_1.9.0/stm32cubeide/plugins/com.st.stm32cube.ide.mcu.externaltools.gnu-tools-for-stm32.10.3-2021.10.win32_1.0.0.202111181127/tools/bin/../lib/gcc/arm-none-eabi/10.3.1/thumb/v7e-m+dp/hard\libgcc.a(_dvmd_tls.o)
 .ARM.attributes
                0x00000000000008cb       0x1e d:/stm32/cubeide/stm32cubeide_1.9.0/stm32cubeide/plugins/com.st.stm32cube.ide.mcu.externaltools.gnu-tools-for-stm32.10.3-2021.10.win32_1.0.0.202111181127/tools/bin/../lib/gcc/arm-none-eabi/10.3.1/thumb/v7e-m+dp/hard/crtn.o
OUTPUT(FRA421_Project_CM7.elf elf32-littlearm)
LOAD linker stubs
LOAD d:/stm32/cubeide/stm32cubeide_1.9.0/stm32cubeide/plugins/com.st.stm32cube.ide.mcu.externaltools.gnu-tools-for-stm32.10.3-2021.10.win32_1.0.0.202111181127/tools/bin/../lib/gcc/arm-none-eabi/10.3.1/../../../../arm-none-eabi/lib/thumb/v7e-m+dp/hard\libc.a
LOAD d:/stm32/cubeide/stm32cubeide_1.9.0/stm32cubeide/plugins/com.st.stm32cube.ide.mcu.externaltools.gnu-tools-for-stm32.10.3-2021.10.win32_1.0.0.202111181127/tools/bin/../lib/gcc/arm-none-eabi/10.3.1/../../../../arm-none-eabi/lib/thumb/v7e-m+dp/hard\libm.a
LOAD d:/stm32/cubeide/stm32cubeide_1.9.0/stm32cubeide/plugins/com.st.stm32cube.ide.mcu.externaltools.gnu-tools-for-stm32.10.3-2021.10.win32_1.0.0.202111181127/tools/bin/../lib/gcc/arm-none-eabi/10.3.1/thumb/v7e-m+dp/hard\libgcc.a

.debug_info     0x0000000000000000    0x1f97e
 .debug_info    0x0000000000000000     0x1038 ./Common/Src/FRA421_Yugioh.o
 .debug_info    0x0000000000001038      0xdca ./Common/Src/system_stm32h7xx_dualcore_boot_cm4_cm7.o
 .debug_info    0x0000000000001e02      0x1ae ./Core/Src/fonts.o
 .debug_info    0x0000000000001fb0     0x3a42 ./Core/Src/main.o
 .debug_info    0x00000000000059f2     0x104f ./Core/Src/st7735.o
 .debug_info    0x0000000000006a41     0x2ebb ./Core/Src/stm32h7xx_hal_msp.o
 .debug_info    0x00000000000098fc      0x89d ./Core/Src/stm32h7xx_it.o
 .debug_info    0x000000000000a199      0x171 ./Core/Src/sysmem.o
 .debug_info    0x000000000000a30a       0x22 ./Core/Startup/startup_stm32h745zitx.o
 .debug_info    0x000000000000a32c     0x1826 ./Drivers/STM32H7xx_HAL_Driver/stm32h7xx_hal.o
 .debug_info    0x000000000000bb52     0x118b ./Drivers/STM32H7xx_HAL_Driver/stm32h7xx_hal_cortex.o
 .debug_info    0x000000000000ccdd      0xce8 ./Drivers/STM32H7xx_HAL_Driver/stm32h7xx_hal_dma.o
 .debug_info    0x000000000000d9c5     0x2b62 ./Drivers/STM32H7xx_HAL_Driver/stm32h7xx_hal_eth.o
 .debug_info    0x0000000000010527      0xde0 ./Drivers/STM32H7xx_HAL_Driver/stm32h7xx_hal_gpio.o
 .debug_info    0x0000000000011307      0x3fd ./Drivers/STM32H7xx_HAL_Driver/stm32h7xx_hal_hsem.o
 .debug_info    0x0000000000011704     0x169b ./Drivers/STM32H7xx_HAL_Driver/stm32h7xx_hal_pcd.o
 .debug_info    0x0000000000012d9f      0x8fb ./Drivers/STM32H7xx_HAL_Driver/stm32h7xx_hal_pcd_ex.o
 .debug_info    0x000000000001369a     0x12c2 ./Drivers/STM32H7xx_HAL_Driver/stm32h7xx_hal_pwr_ex.o
 .debug_info    0x000000000001495c      0xf48 ./Drivers/STM32H7xx_HAL_Driver/stm32h7xx_hal_rcc.o
 .debug_info    0x00000000000158a4     0x1394 ./Drivers/STM32H7xx_HAL_Driver/stm32h7xx_hal_rcc_ex.o
 .debug_info    0x0000000000016c38     0x15ce ./Drivers/STM32H7xx_HAL_Driver/stm32h7xx_hal_spi.o
 .debug_info    0x0000000000018206     0x4c42 ./Drivers/STM32H7xx_HAL_Driver/stm32h7xx_hal_uart.o
 .debug_info    0x000000000001ce48     0x100b ./Drivers/STM32H7xx_HAL_Driver/stm32h7xx_hal_uart_ex.o
 .debug_info    0x000000000001de53     0x1b2b ./Drivers/STM32H7xx_HAL_Driver/stm32h7xx_ll_usb.o

.debug_abbrev   0x0000000000000000     0x3678
 .debug_abbrev  0x0000000000000000      0x323 ./Common/Src/FRA421_Yugioh.o
 .debug_abbrev  0x0000000000000323      0x147 ./Common/Src/system_stm32h7xx_dualcore_boot_cm4_cm7.o
 .debug_abbrev  0x000000000000046a       0xad ./Core/Src/fonts.o
 .debug_abbrev  0x0000000000000517      0x387 ./Core/Src/main.o
 .debug_abbrev  0x000000000000089e      0x2aa ./Core/Src/st7735.o
 .debug_abbrev  0x0000000000000b48      0x29a ./Core/Src/stm32h7xx_hal_msp.o
 .debug_abbrev  0x0000000000000de2      0x166 ./Core/Src/stm32h7xx_it.o
 .debug_abbrev  0x0000000000000f48       0xbb ./Core/Src/sysmem.o
 .debug_abbrev  0x0000000000001003       0x12 ./Core/Startup/startup_stm32h745zitx.o
 .debug_abbrev  0x0000000000001015      0x289 ./Drivers/STM32H7xx_HAL_Driver/stm32h7xx_hal.o
 .debug_abbrev  0x000000000000129e      0x329 ./Drivers/STM32H7xx_HAL_Driver/stm32h7xx_hal_cortex.o
 .debug_abbrev  0x00000000000015c7      0x239 ./Drivers/STM32H7xx_HAL_Driver/stm32h7xx_hal_dma.o
 .debug_abbrev  0x0000000000001800      0x2bd ./Drivers/STM32H7xx_HAL_Driver/stm32h7xx_hal_eth.o
 .debug_abbrev  0x0000000000001abd      0x1ec ./Drivers/STM32H7xx_HAL_Driver/stm32h7xx_hal_gpio.o
 .debug_abbrev  0x0000000000001ca9      0x1d0 ./Drivers/STM32H7xx_HAL_Driver/stm32h7xx_hal_hsem.o
 .debug_abbrev  0x0000000000001e79      0x2d2 ./Drivers/STM32H7xx_HAL_Driver/stm32h7xx_hal_pcd.o
 .debug_abbrev  0x000000000000214b      0x24a ./Drivers/STM32H7xx_HAL_Driver/stm32h7xx_hal_pcd_ex.o
 .debug_abbrev  0x0000000000002395      0x2bc ./Drivers/STM32H7xx_HAL_Driver/stm32h7xx_hal_pwr_ex.o
 .debug_abbrev  0x0000000000002651      0x2b8 ./Drivers/STM32H7xx_HAL_Driver/stm32h7xx_hal_rcc.o
 .debug_abbrev  0x0000000000002909      0x25c ./Drivers/STM32H7xx_HAL_Driver/stm32h7xx_hal_rcc_ex.o
 .debug_abbrev  0x0000000000002b65      0x29b ./Drivers/STM32H7xx_HAL_Driver/stm32h7xx_hal_spi.o
 .debug_abbrev  0x0000000000002e00      0x325 ./Drivers/STM32H7xx_HAL_Driver/stm32h7xx_hal_uart.o
 .debug_abbrev  0x0000000000003125      0x2bd ./Drivers/STM32H7xx_HAL_Driver/stm32h7xx_hal_uart_ex.o
 .debug_abbrev  0x00000000000033e2      0x296 ./Drivers/STM32H7xx_HAL_Driver/stm32h7xx_ll_usb.o

.debug_aranges  0x0000000000000000     0x1458
 .debug_aranges
                0x0000000000000000       0xa0 ./Common/Src/FRA421_Yugioh.o
 .debug_aranges
                0x00000000000000a0       0x28 ./Common/Src/system_stm32h7xx_dualcore_boot_cm4_cm7.o
 .debug_aranges
                0x00000000000000c8       0x18 ./Core/Src/fonts.o
 .debug_aranges
                0x00000000000000e0       0x68 ./Core/Src/main.o
 .debug_aranges
                0x0000000000000148       0xd0 ./Core/Src/st7735.o
 .debug_aranges
                0x0000000000000218       0x60 ./Core/Src/stm32h7xx_hal_msp.o
 .debug_aranges
                0x0000000000000278       0x78 ./Core/Src/stm32h7xx_it.o
 .debug_aranges
                0x00000000000002f0       0x20 ./Core/Src/sysmem.o
 .debug_aranges
                0x0000000000000310       0x28 ./Core/Startup/startup_stm32h745zitx.o
 .debug_aranges
                0x0000000000000338      0x200 ./Drivers/STM32H7xx_HAL_Driver/stm32h7xx_hal.o
 .debug_aranges
                0x0000000000000538      0x120 ./Drivers/STM32H7xx_HAL_Driver/stm32h7xx_hal_cortex.o
 .debug_aranges
                0x0000000000000658       0xa0 ./Drivers/STM32H7xx_HAL_Driver/stm32h7xx_hal_dma.o
 .debug_aranges
                0x00000000000006f8      0x1d8 ./Drivers/STM32H7xx_HAL_Driver/stm32h7xx_hal_eth.o
 .debug_aranges
                0x00000000000008d0       0x58 ./Drivers/STM32H7xx_HAL_Driver/stm32h7xx_hal_gpio.o
 .debug_aranges
                0x0000000000000928       0x70 ./Drivers/STM32H7xx_HAL_Driver/stm32h7xx_hal_hsem.o
 .debug_aranges
                0x0000000000000998      0x140 ./Drivers/STM32H7xx_HAL_Driver/stm32h7xx_hal_pcd.o
 .debug_aranges
                0x0000000000000ad8       0x60 ./Drivers/STM32H7xx_HAL_Driver/stm32h7xx_hal_pcd_ex.o
 .debug_aranges
                0x0000000000000b38      0x170 ./Drivers/STM32H7xx_HAL_Driver/stm32h7xx_hal_pwr_ex.o
 .debug_aranges
                0x0000000000000ca8       0x88 ./Drivers/STM32H7xx_HAL_Driver/stm32h7xx_hal_rcc.o
 .debug_aranges
                0x0000000000000d30      0x100 ./Drivers/STM32H7xx_HAL_Driver/stm32h7xx_hal_rcc_ex.o
 .debug_aranges
                0x0000000000000e30      0x1a0 ./Drivers/STM32H7xx_HAL_Driver/stm32h7xx_hal_spi.o
 .debug_aranges
                0x0000000000000fd0      0x248 ./Drivers/STM32H7xx_HAL_Driver/stm32h7xx_hal_uart.o
 .debug_aranges
                0x0000000000001218       0xa0 ./Drivers/STM32H7xx_HAL_Driver/stm32h7xx_hal_uart_ex.o
 .debug_aranges
                0x00000000000012b8      0x1a0 ./Drivers/STM32H7xx_HAL_Driver/stm32h7xx_ll_usb.o

.debug_ranges   0x0000000000000000     0x1380
 .debug_ranges  0x0000000000000000      0x108 ./Common/Src/FRA421_Yugioh.o
 .debug_ranges  0x0000000000000108       0x18 ./Common/Src/system_stm32h7xx_dualcore_boot_cm4_cm7.o
 .debug_ranges  0x0000000000000120       0x58 ./Core/Src/main.o
 .debug_ranges  0x0000000000000178       0xc0 ./Core/Src/st7735.o
 .debug_ranges  0x0000000000000238       0x50 ./Core/Src/stm32h7xx_hal_msp.o
 .debug_ranges  0x0000000000000288       0x68 ./Core/Src/stm32h7xx_it.o
 .debug_ranges  0x00000000000002f0       0x10 ./Core/Src/sysmem.o
 .debug_ranges  0x0000000000000300       0x20 ./Core/Startup/startup_stm32h745zitx.o
 .debug_ranges  0x0000000000000320      0x1f0 ./Drivers/STM32H7xx_HAL_Driver/stm32h7xx_hal.o
 .debug_ranges  0x0000000000000510      0x110 ./Drivers/STM32H7xx_HAL_Driver/stm32h7xx_hal_cortex.o
 .debug_ranges  0x0000000000000620       0x90 ./Drivers/STM32H7xx_HAL_Driver/stm32h7xx_hal_dma.o
 .debug_ranges  0x00000000000006b0      0x1c8 ./Drivers/STM32H7xx_HAL_Driver/stm32h7xx_hal_eth.o
 .debug_ranges  0x0000000000000878       0x48 ./Drivers/STM32H7xx_HAL_Driver/stm32h7xx_hal_gpio.o
 .debug_ranges  0x00000000000008c0       0x60 ./Drivers/STM32H7xx_HAL_Driver/stm32h7xx_hal_hsem.o
 .debug_ranges  0x0000000000000920      0x130 ./Drivers/STM32H7xx_HAL_Driver/stm32h7xx_hal_pcd.o
 .debug_ranges  0x0000000000000a50       0x50 ./Drivers/STM32H7xx_HAL_Driver/stm32h7xx_hal_pcd_ex.o
 .debug_ranges  0x0000000000000aa0      0x160 ./Drivers/STM32H7xx_HAL_Driver/stm32h7xx_hal_pwr_ex.o
 .debug_ranges  0x0000000000000c00       0x78 ./Drivers/STM32H7xx_HAL_Driver/stm32h7xx_hal_rcc.o
 .debug_ranges  0x0000000000000c78       0xf0 ./Drivers/STM32H7xx_HAL_Driver/stm32h7xx_hal_rcc_ex.o
 .debug_ranges  0x0000000000000d68      0x190 ./Drivers/STM32H7xx_HAL_Driver/stm32h7xx_hal_spi.o
 .debug_ranges  0x0000000000000ef8      0x268 ./Drivers/STM32H7xx_HAL_Driver/stm32h7xx_hal_uart.o
 .debug_ranges  0x0000000000001160       0x90 ./Drivers/STM32H7xx_HAL_Driver/stm32h7xx_hal_uart_ex.o
 .debug_ranges  0x00000000000011f0      0x190 ./Drivers/STM32H7xx_HAL_Driver/stm32h7xx_ll_usb.o

.debug_macro    0x0000000000000000    0x3c561
 .debug_macro   0x0000000000000000      0x440 ./Common/Src/FRA421_Yugioh.o
 .debug_macro   0x0000000000000440      0xa96 ./Common/Src/FRA421_Yugioh.o
 .debug_macro   0x0000000000000ed6       0x22 ./Common/Src/FRA421_Yugioh.o
 .debug_macro   0x0000000000000ef8       0x8e ./Common/Src/FRA421_Yugioh.o
 .debug_macro   0x0000000000000f86       0x51 ./Common/Src/FRA421_Yugioh.o
 .debug_macro   0x0000000000000fd7      0x103 ./Common/Src/FRA421_Yugioh.o
 .debug_macro   0x00000000000010da       0x6a ./Common/Src/FRA421_Yugioh.o
 .debug_macro   0x0000000000001144      0x1df ./Common/Src/FRA421_Yugioh.o
 .debug_macro   0x0000000000001323      0x244 ./Common/Src/FRA421_Yugioh.o
 .debug_macro   0x0000000000001567       0x2e ./Common/Src/FRA421_Yugioh.o
 .debug_macro   0x0000000000001595       0x49 ./Common/Src/FRA421_Yugioh.o
 .debug_macro   0x00000000000015de       0x1c ./Common/Src/FRA421_Yugioh.o
 .debug_macro   0x00000000000015fa       0x22 ./Common/Src/FRA421_Yugioh.o
 .debug_macro   0x000000000000161c       0xfb ./Common/Src/FRA421_Yugioh.o
 .debug_macro   0x0000000000001717     0x1305 ./Common/Src/FRA421_Yugioh.o
 .debug_macro   0x0000000000002a1c      0x11f ./Common/Src/FRA421_Yugioh.o
 .debug_macro   0x0000000000002b3b       0x27 ./Common/Src/FRA421_Yugioh.o
 .debug_macro   0x0000000000002b62    0x26d42 ./Common/Src/FRA421_Yugioh.o
 .debug_macro   0x00000000000298a4       0x6d ./Common/Src/FRA421_Yugioh.o
 .debug_macro   0x0000000000029911     0x3d22 ./Common/Src/FRA421_Yugioh.o
 .debug_macro   0x000000000002d633      0x174 ./Common/Src/FRA421_Yugioh.o
 .debug_macro   0x000000000002d7a7       0x52 ./Common/Src/FRA421_Yugioh.o
 .debug_macro   0x000000000002d7f9       0x1d ./Common/Src/FRA421_Yugioh.o
 .debug_macro   0x000000000002d816       0x3c ./Common/Src/FRA421_Yugioh.o
 .debug_macro   0x000000000002d852       0x34 ./Common/Src/FRA421_Yugioh.o
 .debug_macro   0x000000000002d886       0x16 ./Common/Src/FRA421_Yugioh.o
 .debug_macro   0x000000000002d89c       0x43 ./Common/Src/FRA421_Yugioh.o
 .debug_macro   0x000000000002d8df       0x34 ./Common/Src/FRA421_Yugioh.o
 .debug_macro   0x000000000002d913       0x10 ./Common/Src/FRA421_Yugioh.o
 .debug_macro   0x000000000002d923       0x58 ./Common/Src/FRA421_Yugioh.o
 .debug_macro   0x000000000002d97b       0x71 ./Common/Src/FRA421_Yugioh.o
 .debug_macro   0x000000000002d9ec       0x1c ./Common/Src/FRA421_Yugioh.o
 .debug_macro   0x000000000002da08      0x12a ./Common/Src/FRA421_Yugioh.o
 .debug_macro   0x000000000002db32      0x341 ./Common/Src/FRA421_Yugioh.o
 .debug_macro   0x000000000002de73      0x19b ./Common/Src/FRA421_Yugioh.o
 .debug_macro   0x000000000002e00e       0x5d ./Common/Src/FRA421_Yugioh.o
 .debug_macro   0x000000000002e06b     0x3a9d ./Common/Src/FRA421_Yugioh.o
 .debug_macro   0x0000000000031b08     0x1048 ./Common/Src/FRA421_Yugioh.o
 .debug_macro   0x0000000000032b50      0x14d ./Common/Src/FRA421_Yugioh.o
 .debug_macro   0x0000000000032c9d      0x130 ./Common/Src/FRA421_Yugioh.o
 .debug_macro   0x0000000000032dcd      0x3be ./Common/Src/FRA421_Yugioh.o
 .debug_macro   0x000000000003318b       0xac ./Common/Src/FRA421_Yugioh.o
 .debug_macro   0x0000000000033237      0x72d ./Common/Src/FRA421_Yugioh.o
 .debug_macro   0x0000000000033964      0x228 ./Common/Src/FRA421_Yugioh.o
 .debug_macro   0x0000000000033b8c       0x66 ./Common/Src/FRA421_Yugioh.o
 .debug_macro   0x0000000000033bf2      0x3bb ./Common/Src/FRA421_Yugioh.o
 .debug_macro   0x0000000000033fad      0xa95 ./Common/Src/FRA421_Yugioh.o
 .debug_macro   0x0000000000034a42      0x129 ./Common/Src/FRA421_Yugioh.o
 .debug_macro   0x0000000000034b6b      0x407 ./Common/Src/FRA421_Yugioh.o
 .debug_macro   0x0000000000034f72      0x27c ./Common/Src/FRA421_Yugioh.o
 .debug_macro   0x00000000000351ee      0x3ca ./Common/Src/FRA421_Yugioh.o
 .debug_macro   0x00000000000355b8      0x4a2 ./Common/Src/FRA421_Yugioh.o
 .debug_macro   0x0000000000035a5a       0x51 ./Common/Src/FRA421_Yugioh.o
 .debug_macro   0x0000000000035aab       0x4a ./Common/Src/FRA421_Yugioh.o
 .debug_macro   0x0000000000035af5      0x22c ./Common/Src/FRA421_Yugioh.o
 .debug_macro   0x0000000000035d21       0x67 ./Common/Src/FRA421_Yugioh.o
 .debug_macro   0x0000000000035d88       0xa5 ./Common/Src/FRA421_Yugioh.o
 .debug_macro   0x0000000000035e2d      0x218 ./Common/Src/FRA421_Yugioh.o
 .debug_macro   0x0000000000036045      0x2ea ./Common/Src/FRA421_Yugioh.o
 .debug_macro   0x000000000003632f       0x35 ./Common/Src/FRA421_Yugioh.o
 .debug_macro   0x0000000000036364      0x5e4 ./Common/Src/FRA421_Yugioh.o
 .debug_macro   0x0000000000036948       0x9e ./Common/Src/FRA421_Yugioh.o
 .debug_macro   0x00000000000369e6      0x67e ./Common/Src/FRA421_Yugioh.o
 .debug_macro   0x0000000000037064       0xa6 ./Common/Src/FRA421_Yugioh.o
 .debug_macro   0x000000000003710a      0x248 ./Common/Src/FRA421_Yugioh.o
 .debug_macro   0x0000000000037352       0x90 ./Common/Src/FRA421_Yugioh.o
 .debug_macro   0x00000000000373e2      0x798 ./Common/Src/FRA421_Yugioh.o
 .debug_macro   0x0000000000037b7a       0x70 ./Common/Src/FRA421_Yugioh.o
 .debug_macro   0x0000000000037bea       0x16 ./Common/Src/FRA421_Yugioh.o
 .debug_macro   0x0000000000037c00       0x35 ./Common/Src/FRA421_Yugioh.o
 .debug_macro   0x0000000000037c35       0x16 ./Common/Src/FRA421_Yugioh.o
 .debug_macro   0x0000000000037c4b       0x29 ./Common/Src/FRA421_Yugioh.o
 .debug_macro   0x0000000000037c74       0x16 ./Common/Src/FRA421_Yugioh.o
 .debug_macro   0x0000000000037c8a       0x20 ./Common/Src/FRA421_Yugioh.o
 .debug_macro   0x0000000000037caa       0x1c ./Common/Src/FRA421_Yugioh.o
 .debug_macro   0x0000000000037cc6       0x10 ./Common/Src/FRA421_Yugioh.o
 .debug_macro   0x0000000000037cd6       0x10 ./Common/Src/FRA421_Yugioh.o
 .debug_macro   0x0000000000037ce6       0x1c ./Common/Src/FRA421_Yugioh.o
 .debug_macro   0x0000000000037d02       0x52 ./Common/Src/FRA421_Yugioh.o
 .debug_macro   0x0000000000037d54       0x22 ./Common/Src/FRA421_Yugioh.o
 .debug_macro   0x0000000000037d76       0x10 ./Common/Src/FRA421_Yugioh.o
 .debug_macro   0x0000000000037d86       0x52 ./Common/Src/FRA421_Yugioh.o
 .debug_macro   0x0000000000037dd8       0xd5 ./Common/Src/FRA421_Yugioh.o
 .debug_macro   0x0000000000037ead       0x1c ./Common/Src/FRA421_Yugioh.o
 .debug_macro   0x0000000000037ec9       0x3d ./Common/Src/FRA421_Yugioh.o
 .debug_macro   0x0000000000037f06       0x16 ./Common/Src/FRA421_Yugioh.o
 .debug_macro   0x0000000000037f1c      0x145 ./Common/Src/FRA421_Yugioh.o
 .debug_macro   0x0000000000038061       0x22 ./Common/Src/FRA421_Yugioh.o
 .debug_macro   0x0000000000038083      0x1d7 ./Common/Src/FRA421_Yugioh.o
 .debug_macro   0x000000000003825a      0x2e6 ./Common/Src/system_stm32h7xx_dualcore_boot_cm4_cm7.o
 .debug_macro   0x0000000000038540       0x6d ./Core/Src/fonts.o
 .debug_macro   0x00000000000385ad      0x42f ./Core/Src/main.o
 .debug_macro   0x00000000000389dc       0xb8 ./Core/Src/main.o
 .debug_macro   0x0000000000038a94       0x76 ./Core/Src/main.o
 .debug_macro   0x0000000000038b0a      0x35f ./Core/Src/st7735.o
 .debug_macro   0x0000000000038e69       0x10 ./Core/Src/st7735.o
 .debug_macro   0x0000000000038e79       0x3c ./Core/Src/st7735.o
 .debug_macro   0x0000000000038eb5      0x2f5 ./Core/Src/stm32h7xx_hal_msp.o
 .debug_macro   0x00000000000391aa      0x2ff ./Core/Src/stm32h7xx_it.o
 .debug_macro   0x00000000000394a9       0xff ./Core/Src/sysmem.o
 .debug_macro   0x00000000000395a8      0x23b ./Core/Src/sysmem.o
 .debug_macro   0x00000000000397e3      0x310 ./Drivers/STM32H7xx_HAL_Driver/stm32h7xx_hal.o